#
# There is insufficient memory for the Java Runtime Environment to continue.
# Native memory allocation (malloc) failed to allocate 1048576 bytes for AllocateHeap
# Possible reasons:
#   The system is out of physical RAM or swap space
#   The process is running with CompressedOops enabled, and the Java Heap may be blocking the growth of the native heap
# Possible solutions:
#   Reduce memory load on the system
#   Increase physical memory or swap space
#   Check if swap backing store is full
#   Decrease Java heap size (-Xmx/-Xms)
#   Decrease number of Java threads
#   Decrease Java thread stack sizes (-Xss)
#   Set larger code cache with -XX:ReservedCodeCacheSize=
#   JVM is running with Unscaled Compressed Oops mode in which the Java heap is
#     placed in the first 4GB address space. The Java Heap base address is the
#     maximum limit for the native heap growth. Please use -XX:HeapBaseMinAddress
#     to set the Java Heap base and to place the Java Heap above 4GB virtual address.
# This output file may be truncated or incomplete.
#
#  Out of Memory Error (allocation.cpp:44), pid=34292, tid=36296
#
# JRE version:  (17.0.4.1+1) (build )
# Java VM: OpenJDK 64-Bit Server VM (17.0.4.1+1, mixed mode, tiered, compressed oops, compressed class ptrs, parallel gc, windows-amd64)
# No core dump will be written. Minidumps are not enabled by default on client versions of Windows
#

---------------  S U M M A R Y ------------

Command Line: --add-modules=ALL-SYSTEM --add-opens=java.base/java.util=ALL-UNNAMED --add-opens=java.base/java.lang=ALL-UNNAMED --add-opens=java.base/sun.nio.fs=ALL-UNNAMED -Declipse.application=org.eclipse.jdt.ls.core.id1 -Dosgi.bundles.defaultStartLevel=4 -Declipse.product=org.eclipse.jdt.ls.core.product -Djava.import.generatesMetadataFilesAtProjectRoot=false -Dfile.encoding=utf8 -XX:+UseParallelGC -XX:GCTimeRatio=4 -XX:AdaptiveSizePolicyWeight=90 -Dsun.zip.disableMemoryMapping=true -Xmx1G -Xms100m -Xlog:disable -javaagent:c:\Users\9048i\.antigravity\extensions\redhat.java-1.12.0-win32-x64\lombok\lombok-1.18.24.jar c:\Users\9048i\.antigravity\extensions\redhat.java-1.12.0-win32-x64\server\plugins\org.eclipse.equinox.launcher_1.6.400.v20210924-0641.jar -configuration c:\Users\9048i\AppData\Roaming\Antigravity\User\globalStorage\redhat.java\1.12.0\config_ss_win -data c:\Users\9048i\AppData\Roaming\Antigravity\User\workspaceStorage\6d099efd984f7a601acc4e0e88a2de3e\redhat.java\ss_ws

Host: AMD Ryzen 7 6800H with Radeon Graphics         , 16 cores, 7G,  Windows 11 , 64 bit Build 26100 (10.0.26100.7705)
Time: Sat Feb 28 03:30:44 2026 India Standard Time elapsed time: 1.046020 seconds (0d 0h 0m 1s)

---------------  T H R E A D  ---------------

Current thread (0x00000289f74a65c0):  JavaThread "Unknown thread" [_thread_in_vm, id=36296, stack(0x000000e0ded00000,0x000000e0dee00000)]

Stack: [0x000000e0ded00000,0x000000e0dee00000]
Native frames: (J=compiled Java code, j=interpreted, Vv=VM code, C=native code)
V  [jvm.dll+0x67731a]
V  [jvm.dll+0x832284]
V  [jvm.dll+0x833a2e]
V  [jvm.dll+0x834093]
V  [jvm.dll+0x245775]
V  [jvm.dll+0xa6393]
V  [jvm.dll+0x6a9976]
V  [jvm.dll+0x6aa51f]
V  [jvm.dll+0x683a83]
V  [jvm.dll+0x8044cb]
V  [jvm.dll+0x369974]
V  [jvm.dll+0x7e31bc]
V  [jvm.dll+0x3ec25f]
V  [jvm.dll+0x3edde1]
C  [jli.dll+0x5277]
C  [ucrtbase.dll+0x37b0]
C  [KERNEL32.DLL+0x2e8d7]
C  [ntdll.dll+0x8c40c]


---------------  P R O C E S S  ---------------

Threads class SMR info:
_java_thread_list=0x00007ffb9e084e98, length=0, elements={
}

Java Threads: ( => current thread )

Other Threads:
  0x00000289f74b5450 GCTaskThread "GC Thread#0" [stack: 0x000000e0dee00000,0x000000e0def00000] [id=24496]

=>0x00000289f74a65c0 (exited) JavaThread "Unknown thread" [_thread_in_vm, id=36296, stack(0x000000e0ded00000,0x000000e0dee00000)]

Threads with active compile tasks:

VM state: not at safepoint (normal execution)

VM Mutex/Monitor currently owned by a thread: None

Heap address: 0x00000000c0000000, size: 1024 MB, Compressed Oops mode: 32-bit

CDS archive(s) not mapped
Compressed class space mapped at: 0x0000000100000000-0x0000000140000000, reserved size: 1073741824
Narrow klass base: 0x0000000000000000, Narrow klass shift: 3, Narrow klass range: 0x140000000

GC Precious Log:
 CPUs: 16 total, 16 available
 Memory: 7365M
 Large Page Support: Disabled
 NUMA Support: Disabled
 Compressed Oops: Enabled (32-bit)
 Alignments: Space 512K, Generation 512K, Heap 2M
 Heap Min Capacity: 100M
 Heap Initial Capacity: 100M
 Heap Max Capacity: 1G
 Pre-touch: Disabled
 Parallel Workers: 13

Heap:
 PSYoungGen      total 29696K, used 512K [0x00000000eab00000, 0x00000000ecc00000, 0x0000000100000000)
  eden space 25600K, 2% used [0x00000000eab00000,0x00000000eab80070,0x00000000ec400000)
  from space 4096K, 0% used [0x00000000ec800000,0x00000000ec800000,0x00000000ecc00000)
  to   space 4096K, 0% used [0x00000000ec400000,0x00000000ec400000,0x00000000ec800000)
 ParOldGen       total 68608K, used 0K [0x00000000c0000000, 0x00000000c4300000, 0x00000000eab00000)
  object space 68608K, 0% used [0x00000000c0000000,0x00000000c0000000,0x00000000c4300000)
 Metaspace       used 1149K, committed 1216K, reserved 1056768K
  class space    used 101K, committed 128K, reserved 1048576K

Card table byte_map: [0x00000289fb8b0000,0x00000289fbac0000] _byte_map_base: 0x00000289fb2b0000

Marking Bits: (ParMarkBitMap*) 0x00007ffb9e0f2cc0
 Begin Bits: [0x00000289fbc20000, 0x00000289fcc20000)
 End Bits:   [0x00000289fcc20000, 0x00000289fdc20000)

Polling page: 0x00000289f6f00000

Metaspace:

Usage:
  Non-class:      1.02 MB used.
      Class:    101.01 KB used.
       Both:      1.12 MB used.

Virtual space:
  Non-class space:        8.00 MB reserved,       1.06 MB ( 13%) committed,  1 nodes.
      Class space:        1.00 GB reserved,     128.00 KB ( <1%) committed,  1 nodes.
             Both:        1.01 GB reserved,       1.19 MB ( <1%) committed. 

Chunk freelists:
   Non-Class:  0 bytes
       Class:  3.75 MB
        Both:  3.75 MB

MaxMetaspaceSize: unlimited
CompressedClassSpaceSize: 1.00 GB
Initial GC threshold: 21.00 MB
Current GC threshold: 17179869184.00 GB
CDS: off
MetaspaceReclaimPolicy: balanced
 - commit_granule_bytes: 65536.
 - commit_granule_words: 8192.
 - virtual_space_node_default_size: 1048576.
 - enlarge_chunks_in_place: 1.
 - new_chunks_are_fully_committed: 0.
 - uncommit_free_chunks: 1.
 - use_allocation_guard: 0.
 - handle_deallocations: 1.


Internal statistics:

num_allocs_failed_limit: 0.
num_arena_births: 2.
num_arena_deaths: 0.
num_vsnodes_births: 2.
num_vsnodes_deaths: 0.
num_space_committed: 19.
num_space_uncommitted: 0.
num_chunks_returned_to_freelist: 0.
num_chunks_taken_from_freelist: 3.
num_chunk_merges: 0.
num_chunk_splits: 1.
num_chunks_enlarged: 0.
num_purges: 0.
num_inconsistent_stats: 0.

CodeHeap 'non-profiled nmethods': size=119168Kb used=0Kb max_used=0Kb free=119168Kb
 bounds [0x0000028987ba0000, 0x0000028987e10000, 0x000002898f000000]
CodeHeap 'profiled nmethods': size=119104Kb used=0Kb max_used=0Kb free=119104Kb
 bounds [0x0000028980750000, 0x00000289809c0000, 0x0000028987ba0000]
CodeHeap 'non-nmethods': size=7488Kb used=202Kb max_used=335Kb free=7285Kb
 bounds [0x0000028980000000, 0x0000028980270000, 0x0000028980750000]
 total_blobs=66 nmethods=0 adapters=47
 compilation: enabled
              stopped_count=0, restarted_count=0
 full_count=0

Compilation events (0 events):
No events

GC Heap History (0 events):
No events

Deoptimization events (0 events):
No events

Classes unloaded (0 events):
No events

Classes redefined (0 events):
No events

Internal exceptions (0 events):
No events

VM Operations (0 events):
No events

Events (20 events):
Event: 0.032 loading class java/lang/Long
Event: 0.032 loading class java/lang/Long done
Event: 0.032 loading class java/util/Iterator
Event: 0.032 loading class java/util/Iterator done
Event: 0.032 loading class java/lang/reflect/RecordComponent
Event: 0.032 loading class java/lang/reflect/RecordComponent done
Event: 0.032 loading class jdk/internal/vm/vector/VectorSupport
Event: 0.032 loading class jdk/internal/vm/vector/VectorSupport done
Event: 0.032 loading class jdk/internal/vm/vector/VectorSupport$VectorPayload
Event: 0.032 loading class jdk/internal/vm/vector/VectorSupport$VectorPayload done
Event: 0.032 loading class jdk/internal/vm/vector/VectorSupport$Vector
Event: 0.032 loading class jdk/internal/vm/vector/VectorSupport$Vector done
Event: 0.032 loading class jdk/internal/vm/vector/VectorSupport$VectorMask
Event: 0.032 loading class jdk/internal/vm/vector/VectorSupport$VectorMask done
Event: 0.032 loading class jdk/internal/vm/vector/VectorSupport$VectorShuffle
Event: 0.032 loading class jdk/internal/vm/vector/VectorSupport$VectorShuffle done
Event: 0.034 loading class java/lang/NullPointerException
Event: 0.034 loading class java/lang/NullPointerException done
Event: 0.034 loading class java/lang/ArithmeticException
Event: 0.034 loading class java/lang/ArithmeticException done


Dynamic libraries:
0x00007ff6e67c0000 - 0x00007ff6e67ce000 	c:\Users\9048i\.antigravity\extensions\redhat.java-1.12.0-win32-x64\jre\17.0.4.1-win32-x86_64\bin\java.exe
0x00007ffc4de80000 - 0x00007ffc4e0e8000 	C:\WINDOWS\SYSTEM32\ntdll.dll
0x00007ffc4cf20000 - 0x00007ffc4cfe9000 	C:\WINDOWS\System32\KERNEL32.DLL
0x00007ffc4b2c0000 - 0x00007ffc4b6b1000 	C:\WINDOWS\System32\KERNELBASE.dll
0x00007ffc47a60000 - 0x00007ffc47afe000 	C:\WINDOWS\SYSTEM32\apphelp.dll
0x00007ffc4b8f0000 - 0x00007ffc4ba3b000 	C:\WINDOWS\System32\ucrtbase.dll
0x00007ffbff100000 - 0x00007ffbff119000 	c:\Users\9048i\.antigravity\extensions\redhat.java-1.12.0-win32-x64\jre\17.0.4.1-win32-x86_64\bin\VCRUNTIME140.dll
0x00007ffbff190000 - 0x00007ffbff1a8000 	c:\Users\9048i\.antigravity\extensions\redhat.java-1.12.0-win32-x64\jre\17.0.4.1-win32-x86_64\bin\jli.dll
0x00007ffc4d960000 - 0x00007ffc4db26000 	C:\WINDOWS\System32\USER32.dll
0x00007ffc35110000 - 0x00007ffc353a3000 	C:\WINDOWS\WinSxS\amd64_microsoft.windows.common-controls_6595b64144ccf1df_6.0.26100.7824_none_3e0870b2e3345462\COMCTL32.dll
0x00007ffc4b290000 - 0x00007ffc4b2b7000 	C:\WINDOWS\System32\win32u.dll
0x00007ffc4d8b0000 - 0x00007ffc4d959000 	C:\WINDOWS\System32\msvcrt.dll
0x00007ffc4d2e0000 - 0x00007ffc4d30b000 	C:\WINDOWS\System32\GDI32.dll
0x00007ffc4baf0000 - 0x00007ffc4bc1b000 	C:\WINDOWS\System32\gdi32full.dll
0x00007ffc4a8e0000 - 0x00007ffc4a983000 	C:\WINDOWS\System32\msvcp_win.dll
0x00007ffc4bca0000 - 0x00007ffc4bcd1000 	C:\WINDOWS\System32\IMM32.DLL
0x00007ffc33910000 - 0x00007ffc3391c000 	c:\Users\9048i\.antigravity\extensions\redhat.java-1.12.0-win32-x64\jre\17.0.4.1-win32-x86_64\bin\vcruntime140_1.dll
0x00007ffbf5ee0000 - 0x00007ffbf5f71000 	c:\Users\9048i\.antigravity\extensions\redhat.java-1.12.0-win32-x64\jre\17.0.4.1-win32-x86_64\bin\msvcp140.dll
0x00007ffb9d570000 - 0x00007ffb9e1b6000 	c:\Users\9048i\.antigravity\extensions\redhat.java-1.12.0-win32-x64\jre\17.0.4.1-win32-x86_64\bin\server\jvm.dll
0x00007ffc4cff0000 - 0x00007ffc4d0a4000 	C:\WINDOWS\System32\ADVAPI32.dll
0x00007ffc4d800000 - 0x00007ffc4d8a6000 	C:\WINDOWS\System32\sechost.dll
0x00007ffc4dd20000 - 0x00007ffc4de38000 	C:\WINDOWS\System32\RPCRT4.dll
0x00007ffc4c6f0000 - 0x00007ffc4c6f8000 	C:\WINDOWS\System32\PSAPI.DLL
0x00007ffc47a50000 - 0x00007ffc47a5a000 	C:\WINDOWS\SYSTEM32\WSOCK32.dll
0x00007ffc3f1a0000 - 0x00007ffc3f1d5000 	C:\WINDOWS\SYSTEM32\WINMM.dll
0x00007ffc3dce0000 - 0x00007ffc3dceb000 	C:\WINDOWS\SYSTEM32\VERSION.dll
0x00007ffc4d260000 - 0x00007ffc4d2d4000 	C:\WINDOWS\System32\WS2_32.dll
0x00007ffc49500000 - 0x00007ffc4951b000 	C:\WINDOWS\SYSTEM32\kernel.appcore.dll
0x00007ffc338e0000 - 0x00007ffc338ea000 	c:\Users\9048i\.antigravity\extensions\redhat.java-1.12.0-win32-x64\jre\17.0.4.1-win32-x86_64\bin\jimage.dll
0x00007ffc48490000 - 0x00007ffc486d2000 	C:\WINDOWS\SYSTEM32\DBGHELP.DLL
0x00007ffc4be80000 - 0x00007ffc4c206000 	C:\WINDOWS\System32\combase.dll
0x00007ffc4bce0000 - 0x00007ffc4bdb7000 	C:\WINDOWS\System32\OLEAUT32.dll
0x00007ffc30980000 - 0x00007ffc309bb000 	C:\WINDOWS\SYSTEM32\dbgcore.DLL
0x00007ffc4ba40000 - 0x00007ffc4bae5000 	C:\WINDOWS\System32\bcryptPrimitives.dll
0x00007ffc319e0000 - 0x00007ffc319ee000 	c:\Users\9048i\.antigravity\extensions\redhat.java-1.12.0-win32-x64\jre\17.0.4.1-win32-x86_64\bin\instrument.dll
0x00007ffbf5eb0000 - 0x00007ffbf5ed5000 	c:\Users\9048i\.antigravity\extensions\redhat.java-1.12.0-win32-x64\jre\17.0.4.1-win32-x86_64\bin\java.dll
0x00007ffbfe590000 - 0x00007ffbfe5a8000 	c:\Users\9048i\.antigravity\extensions\redhat.java-1.12.0-win32-x64\jre\17.0.4.1-win32-x86_64\bin\zip.dll

dbghelp: loaded successfully - version: 4.0.5 - missing functions: none
symbol engine: initialized successfully - sym options: 0x614 - pdb path: .;c:\Users\9048i\.antigravity\extensions\redhat.java-1.12.0-win32-x64\jre\17.0.4.1-win32-x86_64\bin;C:\WINDOWS\SYSTEM32;C:\WINDOWS\WinSxS\amd64_microsoft.windows.common-controls_6595b64144ccf1df_6.0.26100.7824_none_3e0870b2e3345462;c:\Users\9048i\.antigravity\extensions\redhat.java-1.12.0-win32-x64\jre\17.0.4.1-win32-x86_64\bin\server

VM Arguments:
jvm_args: --add-modules=ALL-SYSTEM --add-opens=java.base/java.util=ALL-UNNAMED --add-opens=java.base/java.lang=ALL-UNNAMED --add-opens=java.base/sun.nio.fs=ALL-UNNAMED -Declipse.application=org.eclipse.jdt.ls.core.id1 -Dosgi.bundles.defaultStartLevel=4 -Declipse.product=org.eclipse.jdt.ls.core.product -Djava.import.generatesMetadataFilesAtProjectRoot=false -Dfile.encoding=utf8 -XX:+UseParallelGC -XX:GCTimeRatio=4 -XX:AdaptiveSizePolicyWeight=90 -Dsun.zip.disableMemoryMapping=true -Xmx1G -Xms100m -Xlog:disable -javaagent:c:\Users\9048i\.antigravity\extensions\redhat.java-1.12.0-win32-x64\lombok\lombok-1.18.24.jar 
java_command: c:\Users\9048i\.antigravity\extensions\redhat.java-1.12.0-win32-x64\server\plugins\org.eclipse.equinox.launcher_1.6.400.v20210924-0641.jar -configuration c:\Users\9048i\AppData\Roaming\Antigravity\User\globalStorage\redhat.java\1.12.0\config_ss_win -data c:\Users\9048i\AppData\Roaming\Antigravity\User\workspaceStorage\6d099efd984f7a601acc4e0e88a2de3e\redhat.java\ss_ws
java_class_path (initial): c:\Users\9048i\.antigravity\extensions\redhat.java-1.12.0-win32-x64\server\plugins\org.eclipse.equinox.launcher_1.6.400.v20210924-0641.jar
Launcher Type: SUN_STANDARD

[Global flags]
    uintx AdaptiveSizePolicyWeight                 = 90                                        {product} {command line}
     intx CICompilerCount                          = 12                                        {product} {ergonomic}
    uintx GCTimeRatio                              = 4                                         {product} {command line}
   size_t InitialHeapSize                          = 104857600                                 {product} {command line}
   size_t MaxHeapSize                              = 1073741824                                {product} {command line}
   size_t MaxNewSize                               = 357564416                                 {product} {ergonomic}
   size_t MinHeapDeltaBytes                        = 524288                                    {product} {ergonomic}
   size_t MinHeapSize                              = 104857600                                 {product} {command line}
   size_t NewSize                                  = 34603008                                  {product} {ergonomic}
    uintx NonNMethodCodeHeapSize                   = 7602480                                {pd product} {ergonomic}
    uintx NonProfiledCodeHeapSize                  = 122027880                              {pd product} {ergonomic}
   size_t OldSize                                  = 70254592                                  {product} {ergonomic}
    uintx ProfiledCodeHeapSize                     = 122027880                              {pd product} {ergonomic}
    uintx ReservedCodeCacheSize                    = 251658240                              {pd product} {ergonomic}
     bool SegmentedCodeCache                       = true                                      {product} {ergonomic}
   size_t SoftMaxHeapSize                          = 1073741824                             {manageable} {ergonomic}
     bool UseCompressedClassPointers               = true                           {product lp64_product} {ergonomic}
     bool UseCompressedOops                        = true                           {product lp64_product} {ergonomic}
     bool UseLargePagesIndividualAllocation        = false                                  {pd product} {ergonomic}
     bool UseParallelGC                            = true                                      {product} {command line}

Logging:
Log output configuration:
 #0: stdout all=off uptime,level,tags
 #1: stderr all=off uptime,level,tags

Environment Variables:
PATH=C:\Program Files\Google\Chrome\Application;C:\Program Files\Common Files\Oracle\Java\javapath;C:\Windows\system32;C:\Windows;C:\Windows\System32\Wbem;C:\Windows\System32\WindowsPowerShell\v1.0\;C:\Windows\System32\OpenSSH\;C:\Program Files (x86)\NVIDIA Corporation\PhysX\Common;C:\Program Files\Microsoft VS Code\bin;C:\ProgramData\chocolatey\bin;C:\Program Files\flutter\bin;C:\Program Files\NVIDIA Corporation\NVIDIA app\NvDLISR;C:\WINDOWS\system32;C:\WINDOWS;C:\WINDOWS\System32\Wbem;C:\WINDOWS\System32\WindowsPowerShell\v1.0\;C:\WINDOWS\System32\OpenSSH\;C:\Program Files\nodejs\;C:\Program Files\GitHub CLI\;C:\Program Files\Git\bin;C:\Users\9048i\AppData\Local\Programs\Python\Launcher\;C:\Program Files\MySQL\MySQL Shell 8.0\bin\;C:\Users\9048i\AppData\Local\Microsoft\WindowsApps;C:\Users\9048i\AppData\Local\Microsoft\WinGet\Packages\Schniz.fnm_Microsoft.Winget.Source_8wekyb3d8bbwe;C:\Program Files\flutter\bin;C:\Program Files\mongosh\;C:\Users\9048i\AppData\Roaming\npm;C:\Users\9048i\OneDrive\Desktop\Suman\PyCharm 2025.3.1.1\bin
USERNAME=9048i
OS=Windows_NT
PROCESSOR_IDENTIFIER=AMD64 Family 25 Model 68 Stepping 1, AuthenticAMD
TMP=C:\Users\9048i\AppData\Local\Temp
TEMP=C:\Users\9048i\AppData\Local\Temp



---------------  S Y S T E M  ---------------

OS:
 Windows 11 , 64 bit Build 26100 (10.0.26100.7705)
OS uptime: 0 days 10:24 hours
Hyper-V role detected

CPU: total 16 (initial active 16) (16 cores per cpu, 2 threads per core) family 25 model 68 stepping 1 microcode 0xa404107, cx8, cmov, fxsr, ht, mmx, 3dnowpref, sse, sse2, sse3, ssse3, sse4a, sse4.1, sse4.2, popcnt, lzcnt, tsc, tscinvbit, avx, avx2, aes, erms, clmul, bmi1, bmi2, adx, sha, fma, vzeroupper, clflush, clflushopt, hv

Memory: 4k page, system-wide physical 7365M (945M free)
TotalPageFile size 29893M (AvailPageFile size 6M)
current process WorkingSet (physical memory assigned to process): 18M, peak: 18M
current process commit charge ("private bytes"): 156M, peak: 157M

vm_info: OpenJDK 64-Bit Server VM (17.0.4.1+1) for windows-amd64 JRE (17.0.4.1+1), built on Aug 17 2022 07:42:43 by "temurin" with MS VC++ 16.7 (VS2019)

END.
