#
# There is insufficient memory for the Java Runtime Environment to continue.
# Native memory allocation (malloc) failed to allocate 1793616 bytes for Chunk::new
# Possible reasons:
#   The system is out of physical RAM or swap space
#   The process is running with CompressedOops enabled, and the Java Heap may be blocking the growth of the native heap
# Possible solutions:
#   Reduce memory load on the system
#   Increase physical memory or swap space
#   Check if swap backing store is full
#   Decrease Java heap size (-Xmx/-Xms)
#   Decrease number of Java threads
#   Decrease Java thread stack sizes (-Xss)
#   Set larger code cache with -XX:ReservedCodeCacheSize=
#   JVM is running with Unscaled Compressed Oops mode in which the Java heap is
#     placed in the first 4GB address space. The Java Heap base address is the
#     maximum limit for the native heap growth. Please use -XX:HeapBaseMinAddress
#     to set the Java Heap base and to place the Java Heap above 4GB virtual address.
# This output file may be truncated or incomplete.
#
#  Out of Memory Error (arena.cpp:189), pid=35184, tid=30788
#
# JRE version: OpenJDK Runtime Environment Temurin-17.0.4.1+1 (17.0.4.1+1) (build 17.0.4.1+1)
# Java VM: OpenJDK 64-Bit Server VM Temurin-17.0.4.1+1 (17.0.4.1+1, mixed mode, tiered, compressed oops, compressed class ptrs, parallel gc, windows-amd64)
# No core dump will be written. Minidumps are not enabled by default on client versions of Windows
#

---------------  S U M M A R Y ------------

Command Line: --add-modules=ALL-SYSTEM --add-opens=java.base/java.util=ALL-UNNAMED --add-opens=java.base/java.lang=ALL-UNNAMED --add-opens=java.base/sun.nio.fs=ALL-UNNAMED -Declipse.application=org.eclipse.jdt.ls.core.id1 -Dosgi.bundles.defaultStartLevel=4 -Declipse.product=org.eclipse.jdt.ls.core.product -Djava.import.generatesMetadataFilesAtProjectRoot=false -Dfile.encoding=utf8 -XX:+UseParallelGC -XX:GCTimeRatio=4 -XX:AdaptiveSizePolicyWeight=90 -Dsun.zip.disableMemoryMapping=true -Xmx1G -Xms100m -Xlog:disable -javaagent:c:\Users\9048i\.antigravity\extensions\redhat.java-1.12.0-win32-x64\lombok\lombok-1.18.24.jar -XX:+HeapDumpOnOutOfMemoryError -XX:HeapDumpPath=c:\Users\9048i\AppData\Roaming\Antigravity\User\workspaceStorage\6d099efd984f7a601acc4e0e88a2de3e\redhat.java c:\Users\9048i\.antigravity\extensions\redhat.java-1.12.0-win32-x64\server\plugins\org.eclipse.equinox.launcher_1.6.400.v20210924-0641.jar -configuration c:\Users\9048i\AppData\Roaming\Antigravity\User\globalStorage\redhat.java\1.12.0\config_win -data c:\Users\9048i\AppData\Roaming\Antigravity\User\workspaceStorage\6d099efd984f7a601acc4e0e88a2de3e\redhat.java\jdt_ws

Host: AMD Ryzen 7 6800H with Radeon Graphics         , 16 cores, 7G,  Windows 11 , 64 bit Build 26100 (10.0.26100.7705)
Time: Sat Feb 28 03:31:33 2026 India Standard Time elapsed time: 48.090348 seconds (0d 0h 0m 48s)

---------------  T H R E A D  ---------------

Current thread (0x00000187a787fdd0):  JavaThread "C2 CompilerThread1" daemon [_thread_in_native, id=30788, stack(0x0000006e9bf00000,0x0000006e9c000000)]


Current CompileTask:
C2:  48090 8760   !   4       org.eclipse.osgi.internal.loader.classpath.ClasspathManager::defineClass (636 bytes)

Stack: [0x0000006e9bf00000,0x0000006e9c000000]
Native frames: (J=compiled Java code, j=interpreted, Vv=VM code, C=native code)
V  [jvm.dll+0x67731a]
V  [jvm.dll+0x832284]
V  [jvm.dll+0x833a2e]
V  [jvm.dll+0x834093]
V  [jvm.dll+0x245775]
V  [jvm.dll+0xabd7b]
V  [jvm.dll+0xac30c]
V  [jvm.dll+0x363a42]
V  [jvm.dll+0x32e011]
V  [jvm.dll+0x32d4ba]
V  [jvm.dll+0x218681]
V  [jvm.dll+0x217aa1]
V  [jvm.dll+0x1a3f8d]
V  [jvm.dll+0x227498]
V  [jvm.dll+0x2255e5]
V  [jvm.dll+0x7e7e9b]
V  [jvm.dll+0x7e240a]
V  [jvm.dll+0x6761a5]
C  [ucrtbase.dll+0x37b0]
C  [KERNEL32.DLL+0x2e8d7]
C  [ntdll.dll+0x8c40c]


---------------  P R O C E S S  ---------------

Threads class SMR info:
_java_thread_list=0x00000187adacf210, length=38, elements={
0x000001878fad5840, 0x00000187a3944ed0, 0x00000187a3946d60, 0x00000187a5520010,
0x00000187a55208d0, 0x00000187a55224a0, 0x00000187a552a9d0, 0x00000187a552ea30,
0x00000187a5531700, 0x00000187a5532b70, 0x000001878fb3fd10, 0x00000187a743ffa0,
0x00000187a7ad9880, 0x00000187a7ad8070, 0x00000187a7ad8ee0, 0x00000187a7ad8a10,
0x00000187a877e5b0, 0x00000187a8780760, 0x00000187a877cda0, 0x00000187a8780c30,
0x00000187a8781100, 0x00000187a877d740, 0x00000187a8781aa0, 0x00000187a87815d0,
0x00000187a8782de0, 0x00000187a8782910, 0x00000187a87832b0, 0x00000187a8783780,
0x00000187a7b35290, 0x00000187a7b36aa0, 0x00000187a7b37910, 0x00000187a7b35760,
0x00000187a7b35c30, 0x00000187a7b365d0, 0x00000187a7b36f70, 0x00000187a787fdd0,
0x00000187a877ea80, 0x00000187a877dc10
}

Java Threads: ( => current thread )
  0x000001878fad5840 JavaThread "main" [_thread_blocked, id=6992, stack(0x0000006e9c200000,0x0000006e9c300000)]
  0x00000187a3944ed0 JavaThread "Reference Handler" daemon [_thread_blocked, id=11592, stack(0x0000006e9c500000,0x0000006e9c600000)]
  0x00000187a3946d60 JavaThread "Finalizer" daemon [_thread_blocked, id=36288, stack(0x0000006e9c600000,0x0000006e9c700000)]
  0x00000187a5520010 JavaThread "Signal Dispatcher" daemon [_thread_blocked, id=1808, stack(0x0000006e9c700000,0x0000006e9c800000)]
  0x00000187a55208d0 JavaThread "Attach Listener" daemon [_thread_blocked, id=3428, stack(0x0000006e9c800000,0x0000006e9c900000)]
  0x00000187a55224a0 JavaThread "Service Thread" daemon [_thread_blocked, id=31552, stack(0x0000006e9c900000,0x0000006e9ca00000)]
  0x00000187a552a9d0 JavaThread "Monitor Deflation Thread" daemon [_thread_blocked, id=33064, stack(0x0000006e9ca00000,0x0000006e9cb00000)]
  0x00000187a552ea30 JavaThread "C2 CompilerThread0" daemon [_thread_blocked, id=7692, stack(0x0000006e9cb00000,0x0000006e9cc00000)]
  0x00000187a5531700 JavaThread "C1 CompilerThread0" daemon [_thread_blocked, id=17272, stack(0x0000006e9cc00000,0x0000006e9cd00000)]
  0x00000187a5532b70 JavaThread "Sweeper thread" daemon [_thread_blocked, id=20840, stack(0x0000006e9cd00000,0x0000006e9ce00000)]
  0x000001878fb3fd10 JavaThread "Common-Cleaner" daemon [_thread_blocked, id=3652, stack(0x0000006e9ce00000,0x0000006e9cf00000)]
  0x00000187a743ffa0 JavaThread "Notification Thread" daemon [_thread_blocked, id=14660, stack(0x0000006e9d400000,0x0000006e9d500000)]
  0x00000187a7ad9880 JavaThread "Active Thread: Equinox Container: c275db6a-22b7-4f4d-83be-a50b77ca6e00" [_thread_blocked, id=35956, stack(0x0000006e9dd00000,0x0000006e9de00000)]
  0x00000187a7ad8070 JavaThread "Framework Event Dispatcher: Equinox Container: c275db6a-22b7-4f4d-83be-a50b77ca6e00" daemon [_thread_blocked, id=29300, stack(0x0000006e9e000000,0x0000006e9e100000)]
  0x00000187a7ad8ee0 JavaThread "Start Level: Equinox Container: c275db6a-22b7-4f4d-83be-a50b77ca6e00" daemon [_thread_blocked, id=36640, stack(0x0000006e9e100000,0x0000006e9e200000)]
  0x00000187a7ad8a10 JavaThread "Refresh Thread: Equinox Container: c275db6a-22b7-4f4d-83be-a50b77ca6e00" daemon [_thread_blocked, id=22020, stack(0x0000006e9e400000,0x0000006e9e500000)]
  0x00000187a877e5b0 JavaThread "SCR Component Actor" daemon [_thread_blocked, id=6348, stack(0x0000006e9f000000,0x0000006e9f100000)]
  0x00000187a8780760 JavaThread "Worker-JM" [_thread_blocked, id=24132, stack(0x0000006e9f200000,0x0000006e9f300000)]
  0x00000187a877cda0 JavaThread "Worker-0" [_thread_blocked, id=35372, stack(0x0000006e9f600000,0x0000006e9f700000)]
  0x00000187a8780c30 JavaThread "Worker-1" [_thread_blocked, id=36540, stack(0x0000006e9f700000,0x0000006e9f800000)]
  0x00000187a8781100 JavaThread "Bundle File Closer" daemon [_thread_blocked, id=2256, stack(0x0000006e9df00000,0x0000006e9e000000)]
  0x00000187a877d740 JavaThread "Java indexing" daemon [_thread_blocked, id=2252, stack(0x0000006e9fa00000,0x0000006e9fb00000)]
  0x00000187a8781aa0 JavaThread "JNA Cleaner" daemon [_thread_blocked, id=24508, stack(0x0000006e9fb00000,0x0000006e9fc00000)]
  0x00000187a87815d0 JavaThread "pool-2-thread-1" [_thread_blocked, id=33484, stack(0x0000006e9fc00000,0x0000006e9fd00000)]
  0x00000187a8782de0 JavaThread "pool-1-thread-1" [_thread_blocked, id=20424, stack(0x0000006e9fd00000,0x0000006e9fe00000)]
  0x00000187a8782910 JavaThread "Worker-2: Initialize Workspace" [_thread_blocked, id=36172, stack(0x0000006e9fe00000,0x0000006e9ff00000)]
  0x00000187a87832b0 JavaThread "Worker-3" [_thread_blocked, id=17496, stack(0x0000006e9ff00000,0x0000006ea0000000)]
  0x00000187a8783780 JavaThread "Worker-4" [_thread_blocked, id=4824, stack(0x0000006ea0200000,0x0000006ea0300000)]
  0x00000187a7b35290 JavaThread "Worker-5" [_thread_blocked, id=19768, stack(0x0000006ea0300000,0x0000006ea0400000)]
  0x00000187a7b36aa0 JavaThread "Worker-6" [_thread_blocked, id=20168, stack(0x0000006ea0400000,0x0000006ea0500000)]
  0x00000187a7b37910 JavaThread "Worker-7" [_thread_blocked, id=24148, stack(0x0000006ea0500000,0x0000006ea0600000)]
  0x00000187a7b35760 JavaThread "Worker-8" [_thread_blocked, id=29164, stack(0x0000006ea0600000,0x0000006ea0700000)]
  0x00000187a7b35c30 JavaThread "Worker-9" [_thread_blocked, id=7220, stack(0x0000006ea0700000,0x0000006ea0800000)]
  0x00000187a7b365d0 JavaThread "Worker-10: Java indexing... " [_thread_blocked, id=10288, stack(0x0000006ea0800000,0x0000006ea0900000)]
  0x00000187a7b36f70 JavaThread "Timer-0" [_thread_blocked, id=35040, stack(0x0000006e9e200000,0x0000006e9e300000)]
=>0x00000187a787fdd0 JavaThread "C2 CompilerThread1" daemon [_thread_in_native, id=30788, stack(0x0000006e9bf00000,0x0000006e9c000000)]
  0x00000187a877ea80 JavaThread "Timer-1" [_thread_blocked, id=36760, stack(0x0000006e9d200000,0x0000006e9d300000)]
  0x00000187a877dc10 JavaThread "Connection worker" [_thread_blocked, id=6808, stack(0x0000006e9d900000,0x0000006e9da00000)]

Other Threads:
  0x000001878fb84690 VMThread "VM Thread" [stack: 0x0000006e9c400000,0x0000006e9c500000] [id=15004]
  0x00000187a7441c20 WatcherThread [stack: 0x0000006e9d500000,0x0000006e9d600000] [id=35520]
  0x000001878faea5f0 GCTaskThread "GC Thread#0" [stack: 0x0000006e9c300000,0x0000006e9c400000] [id=35608]
  0x00000187a7b85080 GCTaskThread "GC Thread#1" [stack: 0x0000006e9d100000,0x0000006e9d200000] [id=36664]
  0x00000187a7b85330 GCTaskThread "GC Thread#2" [stack: 0x0000006e9d300000,0x0000006e9d400000] [id=36780]
  0x00000187a7b855e0 GCTaskThread "GC Thread#3" [stack: 0x0000006e9d600000,0x0000006e9d700000] [id=14708]
  0x00000187a7b85890 GCTaskThread "GC Thread#4" [stack: 0x0000006e9d700000,0x0000006e9d800000] [id=30348]
  0x00000187a77e81b0 GCTaskThread "GC Thread#5" [stack: 0x0000006e9d800000,0x0000006e9d900000] [id=6972]
  0x00000187a7411b70 GCTaskThread "GC Thread#6" [stack: 0x0000006e9e300000,0x0000006e9e400000] [id=35568]
  0x00000187a8860200 GCTaskThread "GC Thread#7" [stack: 0x0000006e9ef00000,0x0000006e9f000000] [id=13572]
  0x00000187a8890200 GCTaskThread "GC Thread#8" [stack: 0x0000006e9f100000,0x0000006e9f200000] [id=30392]
  0x00000187a8951020 GCTaskThread "GC Thread#9" [stack: 0x0000006e9f300000,0x0000006e9f400000] [id=36236]
  0x00000187a89512d0 GCTaskThread "GC Thread#10" [stack: 0x0000006e9f400000,0x0000006e9f500000] [id=4676]
  0x00000187a8d9f380 GCTaskThread "GC Thread#11" [stack: 0x0000006e9f500000,0x0000006e9f600000] [id=34348]
  0x00000187a9056af0 GCTaskThread "GC Thread#12" [stack: 0x0000006e9de00000,0x0000006e9df00000] [id=11912]

Threads with active compile tasks:
C2 CompilerThread0    48108 8809   !   4       org.eclipse.osgi.internal.loader.BundleLoader::findRequiredSource (283 bytes)
C2 CompilerThread1    48108 8760   !   4       org.eclipse.osgi.internal.loader.classpath.ClasspathManager::defineClass (636 bytes)

VM state: at safepoint (normal execution)

VM Mutex/Monitor currently owned by a thread:  ([mutex/lock_event])
[0x000001878d757a80] Threads_lock - owner thread: 0x000001878fb84690
[0x000001878d7586e0] Heap_lock - owner thread: 0x00000187a877d740

Heap address: 0x00000000c0000000, size: 1024 MB, Compressed Oops mode: 32-bit

CDS archive(s) not mapped
Compressed class space mapped at: 0x0000000100000000-0x0000000140000000, reserved size: 1073741824
Narrow klass base: 0x0000000000000000, Narrow klass shift: 3, Narrow klass range: 0x140000000

GC Precious Log:
 CPUs: 16 total, 16 available
 Memory: 7365M
 Large Page Support: Disabled
 NUMA Support: Disabled
 Compressed Oops: Enabled (32-bit)
 Alignments: Space 512K, Generation 512K, Heap 2M
 Heap Min Capacity: 100M
 Heap Initial Capacity: 100M
 Heap Max Capacity: 1G
 Pre-touch: Disabled
 Parallel Workers: 13

Heap:
 PSYoungGen      total 14336K, used 3573K [0x00000000eab00000, 0x00000000ebc80000, 0x0000000100000000)
  eden space 10752K, 0% used [0x00000000eab00000,0x00000000eab00000,0x00000000eb580000)
  from space 3584K, 99% used [0x00000000eb900000,0x00000000ebc7d400,0x00000000ebc80000)
  to   space 3584K, 0% used [0x00000000eb580000,0x00000000eb580000,0x00000000eb900000)
 ParOldGen       total 286720K, used 286348K [0x00000000c0000000, 0x00000000d1800000, 0x00000000eab00000)
  object space 286720K, 99% used [0x00000000c0000000,0x00000000d17a3230,0x00000000d1800000)
 Metaspace       used 55901K, committed 56704K, reserved 1105920K
  class space    used 6004K, committed 6336K, reserved 1048576K

Card table byte_map: [0x000001878f470000,0x000001878f680000] _byte_map_base: 0x000001878ee70000

Marking Bits: (ParMarkBitMap*) 0x00007ffb9e0f2cc0
 Begin Bits: [0x00000187a1750000, 0x00000187a2750000)
 End Bits:   [0x00000187a2750000, 0x00000187a3750000)

Polling page: 0x000001878dca0000

Metaspace:

Usage:
  Non-class:     48.73 MB used.
      Class:      5.86 MB used.
       Both:     54.59 MB used.

Virtual space:
  Non-class space:       56.00 MB reserved,      49.19 MB ( 88%) committed,  7 nodes.
      Class space:        1.00 GB reserved,       6.19 MB ( <1%) committed,  1 nodes.
             Both:        1.05 GB reserved,      55.38 MB (  5%) committed. 

Chunk freelists:
   Non-Class:  2.56 MB
       Class:  1.75 MB
        Both:  4.31 MB

MaxMetaspaceSize: unlimited
CompressedClassSpaceSize: 1.00 GB
Initial GC threshold: 21.00 MB
Current GC threshold: 90.75 MB
CDS: off
MetaspaceReclaimPolicy: balanced
 - commit_granule_bytes: 65536.
 - commit_granule_words: 8192.
 - virtual_space_node_default_size: 1048576.
 - enlarge_chunks_in_place: 1.
 - new_chunks_are_fully_committed: 0.
 - uncommit_free_chunks: 1.
 - use_allocation_guard: 0.
 - handle_deallocations: 1.


Internal statistics:

num_allocs_failed_limit: 6.
num_arena_births: 346.
num_arena_deaths: 14.
num_vsnodes_births: 8.
num_vsnodes_deaths: 0.
num_space_committed: 886.
num_space_uncommitted: 0.
num_chunks_returned_to_freelist: 20.
num_chunks_taken_from_freelist: 2104.
num_chunk_merges: 10.
num_chunk_splits: 1427.
num_chunks_enlarged: 1010.
num_purges: 2.
num_inconsistent_stats: 0.

CodeHeap 'non-profiled nmethods': size=119168Kb used=5224Kb max_used=5224Kb free=113944Kb
 bounds [0x000001879a2f0000, 0x000001879a810000, 0x00000187a1750000]
CodeHeap 'profiled nmethods': size=119104Kb used=16699Kb max_used=16699Kb free=102404Kb
 bounds [0x0000018792ea0000, 0x0000018793ef0000, 0x000001879a2f0000]
CodeHeap 'non-nmethods': size=7488Kb used=1326Kb max_used=2933Kb free=6161Kb
 bounds [0x0000018792750000, 0x0000018792a30000, 0x0000018792ea0000]
 total_blobs=8605 nmethods=7947 adapters=572
 compilation: enabled
              stopped_count=0, restarted_count=0
 full_count=0

Compilation events (20 events):
Event: 47.031 Thread 0x00000187a5531700 8819       3       org.eclipse.jdt.internal.compiler.util.HashtableOfObject::putUnsafely (78 bytes)
Event: 47.032 Thread 0x00000187a5531700 nmethod 8819 0x0000018793ee9710 code [0x0000018793ee9900, 0x0000018793ee9f18]
Event: 47.032 Thread 0x00000187a5531700 8821 %     3       org.eclipse.jdt.internal.compiler.util.HashtableOfObject::rehash @ 27 (84 bytes)
Event: 47.033 Thread 0x00000187a5531700 nmethod 8821% 0x0000018793eea190 code [0x0000018793eea380, 0x0000018793eea7c8]
Event: 47.033 Thread 0x00000187a5531700 8822       3       org.eclipse.jdt.internal.core.index.DiskIndex$IntList::add (67 bytes)
Event: 47.033 Thread 0x00000187a5531700 nmethod 8822 0x0000018793eeaa90 code [0x0000018793eeac40, 0x0000018793eeaf88]
Event: 47.033 Thread 0x00000187a5531700 8823       3       org.eclipse.jdt.internal.compiler.util.HashtableOfObject::rehash (84 bytes)
Event: 47.033 Thread 0x00000187a5531700 nmethod 8823 0x0000018793eeb110 code [0x0000018793eeb2e0, 0x0000018793eeb6a8]
Event: 47.034 Thread 0x00000187a5531700 8824       3       java.net.URI::toURL (5 bytes)
Event: 47.034 Thread 0x00000187a5531700 nmethod 8824 0x0000018793eeb890 code [0x0000018793eeba20, 0x0000018793eebb48]
Event: 47.034 Thread 0x00000187a5531700 8825       3       java.net.URL::fromURI (144 bytes)
Event: 47.035 Thread 0x00000187a5531700 nmethod 8825 0x0000018793eebc10 code [0x0000018793eebee0, 0x0000018793eecc08]
Event: 47.035 Thread 0x00000187a5531700 8826       3       org.eclipse.jdt.internal.core.index.DiskIndex$IntList::<init> (16 bytes)
Event: 47.035 Thread 0x00000187a5531700 nmethod 8826 0x0000018793eed090 code [0x0000018793eed220, 0x0000018793eed3b8]
Event: 47.038 Thread 0x00000187a5531700 8830       3       org.eclipse.jdt.internal.core.index.DiskIndex::copyQueryResults (218 bytes)
Event: 47.039 Thread 0x00000187a5531700 nmethod 8830 0x0000018793eed490 code [0x0000018793eed720, 0x0000018793eee538]
Event: 47.053 Thread 0x00000187a5531700 8833       3       java.net.URI::<init> (13 bytes)
Event: 47.053 Thread 0x00000187a5531700 nmethod 8833 0x0000018793eeeb90 code [0x0000018793eeed40, 0x0000018793eeeea8]
Event: 47.054 Thread 0x00000187a5531700 8834       1       org.gradle.internal.classpath.DefaultClassPath$ImmutableUniqueList::size (5 bytes)
Event: 47.054 Thread 0x00000187a5531700 nmethod 8834 0x000001879a809d10 code [0x000001879a809ea0, 0x000001879a809f78]

GC Heap History (20 events):
Event: 46.705 GC heap after
{Heap after GC invocations=207 (full 11):
 PSYoungGen      total 15360K, used 1904K [0x00000000eab00000, 0x00000000ec800000, 0x0000000100000000)
  eden space 11264K, 0% used [0x00000000eab00000,0x00000000eab00000,0x00000000eb600000)
  from space 4096K, 46% used [0x00000000ebf00000,0x00000000ec0dc010,0x00000000ec300000)
  to   space 9216K, 0% used [0x00000000eb600000,0x00000000eb600000,0x00000000ebf00000)
 ParOldGen       total 286208K, used 251435K [0x00000000c0000000, 0x00000000d1780000, 0x00000000eab00000)
  object space 286208K, 87% used [0x00000000c0000000,0x00000000cf58ae98,0x00000000d1780000)
 Metaspace       used 54848K, committed 55744K, reserved 1105920K
  class space    used 5821K, committed 6208K, reserved 1048576K
}
Event: 46.720 GC heap before
{Heap before GC invocations=208 (full 11):
 PSYoungGen      total 15360K, used 13168K [0x00000000eab00000, 0x00000000ec800000, 0x0000000100000000)
  eden space 11264K, 100% used [0x00000000eab00000,0x00000000eb600000,0x00000000eb600000)
  from space 4096K, 46% used [0x00000000ebf00000,0x00000000ec0dc010,0x00000000ec300000)
  to   space 9216K, 0% used [0x00000000eb600000,0x00000000eb600000,0x00000000ebf00000)
 ParOldGen       total 286208K, used 251435K [0x00000000c0000000, 0x00000000d1780000, 0x00000000eab00000)
  object space 286208K, 87% used [0x00000000c0000000,0x00000000cf58ae98,0x00000000d1780000)
 Metaspace       used 54855K, committed 55744K, reserved 1105920K
  class space    used 5822K, committed 6208K, reserved 1048576K
}
Event: 46.731 GC heap after
{Heap after GC invocations=208 (full 11):
 PSYoungGen      total 15872K, used 4377K [0x00000000eab00000, 0x00000000ec200000, 0x0000000100000000)
  eden space 11264K, 0% used [0x00000000eab00000,0x00000000eab00000,0x00000000eb600000)
  from space 4608K, 94% used [0x00000000eb600000,0x00000000eba46598,0x00000000eba80000)
  to   space 6144K, 0% used [0x00000000ebc00000,0x00000000ebc00000,0x00000000ec200000)
 ParOldGen       total 286208K, used 253401K [0x00000000c0000000, 0x00000000d1780000, 0x00000000eab00000)
  object space 286208K, 88% used [0x00000000c0000000,0x00000000cf776558,0x00000000d1780000)
 Metaspace       used 54855K, committed 55744K, reserved 1105920K
  class space    used 5822K, committed 6208K, reserved 1048576K
}
Event: 46.748 GC heap before
{Heap before GC invocations=209 (full 11):
 PSYoungGen      total 15872K, used 15641K [0x00000000eab00000, 0x00000000ec200000, 0x0000000100000000)
  eden space 11264K, 100% used [0x00000000eab00000,0x00000000eb600000,0x00000000eb600000)
  from space 4608K, 94% used [0x00000000eb600000,0x00000000eba46598,0x00000000eba80000)
  to   space 6144K, 0% used [0x00000000ebc00000,0x00000000ebc00000,0x00000000ec200000)
 ParOldGen       total 286208K, used 253401K [0x00000000c0000000, 0x00000000d1780000, 0x00000000eab00000)
  object space 286208K, 88% used [0x00000000c0000000,0x00000000cf776558,0x00000000d1780000)
 Metaspace       used 54883K, committed 55744K, reserved 1105920K
  class space    used 5829K, committed 6208K, reserved 1048576K
}
Event: 46.753 GC heap after
{Heap after GC invocations=209 (full 11):
 PSYoungGen      total 14848K, used 3558K [0x00000000eab00000, 0x00000000ebf80000, 0x0000000100000000)
  eden space 11264K, 0% used [0x00000000eab00000,0x00000000eab00000,0x00000000eb600000)
  from space 3584K, 99% used [0x00000000ebc00000,0x00000000ebf79908,0x00000000ebf80000)
  to   space 4096K, 0% used [0x00000000eb780000,0x00000000eb780000,0x00000000ebb80000)
 ParOldGen       total 286208K, used 257627K [0x00000000c0000000, 0x00000000d1780000, 0x00000000eab00000)
  object space 286208K, 90% used [0x00000000c0000000,0x00000000cfb96c50,0x00000000d1780000)
 Metaspace       used 54883K, committed 55744K, reserved 1105920K
  class space    used 5829K, committed 6208K, reserved 1048576K
}
Event: 46.769 GC heap before
{Heap before GC invocations=210 (full 11):
 PSYoungGen      total 14848K, used 14822K [0x00000000eab00000, 0x00000000ebf80000, 0x0000000100000000)
  eden space 11264K, 100% used [0x00000000eab00000,0x00000000eb600000,0x00000000eb600000)
  from space 3584K, 99% used [0x00000000ebc00000,0x00000000ebf79908,0x00000000ebf80000)
  to   space 4096K, 0% used [0x00000000eb780000,0x00000000eb780000,0x00000000ebb80000)
 ParOldGen       total 286208K, used 257627K [0x00000000c0000000, 0x00000000d1780000, 0x00000000eab00000)
  object space 286208K, 90% used [0x00000000c0000000,0x00000000cfb96c50,0x00000000d1780000)
 Metaspace       used 54926K, committed 55808K, reserved 1105920K
  class space    used 5835K, committed 6208K, reserved 1048576K
}
Event: 46.772 GC heap after
{Heap after GC invocations=210 (full 11):
 PSYoungGen      total 16896K, used 4000K [0x00000000eab00000, 0x00000000ec080000, 0x0000000100000000)
  eden space 12800K, 0% used [0x00000000eab00000,0x00000000eab00000,0x00000000eb780000)
  from space 4096K, 97% used [0x00000000eb780000,0x00000000ebb68048,0x00000000ebb80000)
  to   space 4608K, 0% used [0x00000000ebc00000,0x00000000ebc00000,0x00000000ec080000)
 ParOldGen       total 286208K, used 261031K [0x00000000c0000000, 0x00000000d1780000, 0x00000000eab00000)
  object space 286208K, 91% used [0x00000000c0000000,0x00000000cfee9c30,0x00000000d1780000)
 Metaspace       used 54926K, committed 55808K, reserved 1105920K
  class space    used 5835K, committed 6208K, reserved 1048576K
}
Event: 46.796 GC heap before
{Heap before GC invocations=211 (full 11):
 PSYoungGen      total 16896K, used 16800K [0x00000000eab00000, 0x00000000ec080000, 0x0000000100000000)
  eden space 12800K, 100% used [0x00000000eab00000,0x00000000eb780000,0x00000000eb780000)
  from space 4096K, 97% used [0x00000000eb780000,0x00000000ebb68048,0x00000000ebb80000)
  to   space 4608K, 0% used [0x00000000ebc00000,0x00000000ebc00000,0x00000000ec080000)
 ParOldGen       total 286208K, used 261031K [0x00000000c0000000, 0x00000000d1780000, 0x00000000eab00000)
  object space 286208K, 91% used [0x00000000c0000000,0x00000000cfee9c30,0x00000000d1780000)
 Metaspace       used 54999K, committed 55872K, reserved 1105920K
  class space    used 5854K, committed 6208K, reserved 1048576K
}
Event: 46.800 GC heap after
{Heap after GC invocations=211 (full 11):
 PSYoungGen      total 12288K, used 4579K [0x00000000eab00000, 0x00000000ecc00000, 0x0000000100000000)
  eden space 7680K, 0% used [0x00000000eab00000,0x00000000eab00000,0x00000000eb280000)
  from space 4608K, 99% used [0x00000000ebc00000,0x00000000ec078d50,0x00000000ec080000)
  to   space 9728K, 0% used [0x00000000eb280000,0x00000000eb280000,0x00000000ebc00000)
 ParOldGen       total 286208K, used 265091K [0x00000000c0000000, 0x00000000d1780000, 0x00000000eab00000)
  object space 286208K, 92% used [0x00000000c0000000,0x00000000d02e0ef0,0x00000000d1780000)
 Metaspace       used 54999K, committed 55872K, reserved 1105920K
  class space    used 5854K, committed 6208K, reserved 1048576K
}
Event: 46.820 GC heap before
{Heap before GC invocations=212 (full 11):
 PSYoungGen      total 12288K, used 12259K [0x00000000eab00000, 0x00000000ecc00000, 0x0000000100000000)
  eden space 7680K, 100% used [0x00000000eab00000,0x00000000eb280000,0x00000000eb280000)
  from space 4608K, 99% used [0x00000000ebc00000,0x00000000ec078d50,0x00000000ec080000)
  to   space 9728K, 0% used [0x00000000eb280000,0x00000000eb280000,0x00000000ebc00000)
 ParOldGen       total 286208K, used 265091K [0x00000000c0000000, 0x00000000d1780000, 0x00000000eab00000)
  object space 286208K, 92% used [0x00000000c0000000,0x00000000d02e0ef0,0x00000000d1780000)
 Metaspace       used 55085K, committed 56000K, reserved 1105920K
  class space    used 5871K, committed 6272K, reserved 1048576K
}
Event: 46.823 GC heap after
{Heap after GC invocations=212 (full 11):
 PSYoungGen      total 10752K, used 2956K [0x00000000eab00000, 0x00000000ebd80000, 0x0000000100000000)
  eden space 7680K, 0% used [0x00000000eab00000,0x00000000eab00000,0x00000000eb280000)
  from space 3072K, 96% used [0x00000000eb280000,0x00000000eb563258,0x00000000eb580000)
  to   space 5120K, 0% used [0x00000000eb880000,0x00000000eb880000,0x00000000ebd80000)
 ParOldGen       total 286208K, used 269544K [0x00000000c0000000, 0x00000000d1780000, 0x00000000eab00000)
  object space 286208K, 94% used [0x00000000c0000000,0x00000000d073a290,0x00000000d1780000)
 Metaspace       used 55085K, committed 56000K, reserved 1105920K
  class space    used 5871K, committed 6272K, reserved 1048576K
}
Event: 46.836 GC heap before
{Heap before GC invocations=213 (full 11):
 PSYoungGen      total 10752K, used 10636K [0x00000000eab00000, 0x00000000ebd80000, 0x0000000100000000)
  eden space 7680K, 100% used [0x00000000eab00000,0x00000000eb280000,0x00000000eb280000)
  from space 3072K, 96% used [0x00000000eb280000,0x00000000eb563258,0x00000000eb580000)
  to   space 5120K, 0% used [0x00000000eb880000,0x00000000eb880000,0x00000000ebd80000)
 ParOldGen       total 286208K, used 269609K [0x00000000c0000000, 0x00000000d1780000, 0x00000000eab00000)
  object space 286208K, 94% used [0x00000000c0000000,0x00000000d074a4c8,0x00000000d1780000)
 Metaspace       used 55163K, committed 56064K, reserved 1105920K
  class space    used 5884K, committed 6272K, reserved 1048576K
}
Event: 46.839 GC heap after
{Heap after GC invocations=213 (full 11):
 PSYoungGen      total 11776K, used 3028K [0x00000000eab00000, 0x00000000ebb80000, 0x0000000100000000)
  eden space 8704K, 0% used [0x00000000eab00000,0x00000000eab00000,0x00000000eb380000)
  from space 3072K, 98% used [0x00000000eb880000,0x00000000ebb75330,0x00000000ebb80000)
  to   space 3584K, 0% used [0x00000000eb480000,0x00000000eb480000,0x00000000eb800000)
 ParOldGen       total 286208K, used 272269K [0x00000000c0000000, 0x00000000d1780000, 0x00000000eab00000)
  object space 286208K, 95% used [0x00000000c0000000,0x00000000d09e37b8,0x00000000d1780000)
 Metaspace       used 55163K, committed 56064K, reserved 1105920K
  class space    used 5884K, committed 6272K, reserved 1048576K
}
Event: 46.858 GC heap before
{Heap before GC invocations=214 (full 11):
 PSYoungGen      total 11776K, used 11732K [0x00000000eab00000, 0x00000000ebb80000, 0x0000000100000000)
  eden space 8704K, 100% used [0x00000000eab00000,0x00000000eb380000,0x00000000eb380000)
  from space 3072K, 98% used [0x00000000eb880000,0x00000000ebb75330,0x00000000ebb80000)
  to   space 3584K, 0% used [0x00000000eb480000,0x00000000eb480000,0x00000000eb800000)
 ParOldGen       total 286208K, used 272663K [0x00000000c0000000, 0x00000000d1780000, 0x00000000eab00000)
  object space 286208K, 95% used [0x00000000c0000000,0x00000000d0a45e38,0x00000000d1780000)
 Metaspace       used 55279K, committed 56128K, reserved 1105920K
  class space    used 5903K, committed 6272K, reserved 1048576K
}
Event: 46.861 GC heap after
{Heap after GC invocations=214 (full 11):
 PSYoungGen      total 13312K, used 3531K [0x00000000eab00000, 0x00000000ebd00000, 0x0000000100000000)
  eden space 9728K, 0% used [0x00000000eab00000,0x00000000eab00000,0x00000000eb480000)
  from space 3584K, 98% used [0x00000000eb480000,0x00000000eb7f2da8,0x00000000eb800000)
  to   space 4096K, 0% used [0x00000000eb900000,0x00000000eb900000,0x00000000ebd00000)
 ParOldGen       total 286208K, used 275584K [0x00000000c0000000, 0x00000000d1780000, 0x00000000eab00000)
  object space 286208K, 96% used [0x00000000c0000000,0x00000000d0d200a0,0x00000000d1780000)
 Metaspace       used 55279K, committed 56128K, reserved 1105920K
  class space    used 5903K, committed 6272K, reserved 1048576K
}
Event: 46.881 GC heap before
{Heap before GC invocations=215 (full 11):
 PSYoungGen      total 13312K, used 13259K [0x00000000eab00000, 0x00000000ebd00000, 0x0000000100000000)
  eden space 9728K, 100% used [0x00000000eab00000,0x00000000eb480000,0x00000000eb480000)
  from space 3584K, 98% used [0x00000000eb480000,0x00000000eb7f2da8,0x00000000eb800000)
  to   space 4096K, 0% used [0x00000000eb900000,0x00000000eb900000,0x00000000ebd00000)
 ParOldGen       total 286208K, used 275584K [0x00000000c0000000, 0x00000000d1780000, 0x00000000eab00000)
  object space 286208K, 96% used [0x00000000c0000000,0x00000000d0d200a0,0x00000000d1780000)
 Metaspace       used 55458K, committed 56256K, reserved 1105920K
  class space    used 5931K, committed 6272K, reserved 1048576K
}
Event: 46.884 GC heap after
{Heap after GC invocations=215 (full 11):
 PSYoungGen      total 14848K, used 3538K [0x00000000eab00000, 0x00000000ebd00000, 0x0000000100000000)
  eden space 10752K, 0% used [0x00000000eab00000,0x00000000eab00000,0x00000000eb580000)
  from space 4096K, 86% used [0x00000000eb900000,0x00000000ebc74a70,0x00000000ebd00000)
  to   space 3584K, 0% used [0x00000000eb580000,0x00000000eb580000,0x00000000eb900000)
 ParOldGen       total 286208K, used 278879K [0x00000000c0000000, 0x00000000d1780000, 0x00000000eab00000)
  object space 286208K, 97% used [0x00000000c0000000,0x00000000d1057d38,0x00000000d1780000)
 Metaspace       used 55458K, committed 56256K, reserved 1105920K
  class space    used 5931K, committed 6272K, reserved 1048576K
}
Event: 46.993 GC heap before
{Heap before GC invocations=216 (full 11):
 PSYoungGen      total 14848K, used 14290K [0x00000000eab00000, 0x00000000ebd00000, 0x0000000100000000)
  eden space 10752K, 100% used [0x00000000eab00000,0x00000000eb580000,0x00000000eb580000)
  from space 4096K, 86% used [0x00000000eb900000,0x00000000ebc74a70,0x00000000ebd00000)
  to   space 3584K, 0% used [0x00000000eb580000,0x00000000eb580000,0x00000000eb900000)
 ParOldGen       total 286208K, used 278879K [0x00000000c0000000, 0x00000000d1780000, 0x00000000eab00000)
  object space 286208K, 97% used [0x00000000c0000000,0x00000000d1057d38,0x00000000d1780000)
 Metaspace       used 55855K, committed 56704K, reserved 1105920K
  class space    used 6000K, committed 6336K, reserved 1048576K
}
Event: 46.997 GC heap after
{Heap after GC invocations=216 (full 11):
 PSYoungGen      total 14336K, used 2890K [0x00000000eab00000, 0x00000000ebc80000, 0x0000000100000000)
  eden space 10752K, 0% used [0x00000000eab00000,0x00000000eab00000,0x00000000eb580000)
  from space 3584K, 80% used [0x00000000eb580000,0x00000000eb852858,0x00000000eb900000)
  to   space 3584K, 0% used [0x00000000eb900000,0x00000000eb900000,0x00000000ebc80000)
 ParOldGen       total 286208K, used 282195K [0x00000000c0000000, 0x00000000d1780000, 0x00000000eab00000)
  object space 286208K, 98% used [0x00000000c0000000,0x00000000d1394e90,0x00000000d1780000)
 Metaspace       used 55855K, committed 56704K, reserved 1105920K
  class space    used 6000K, committed 6336K, reserved 1048576K
}
Event: 47.133 GC heap before
{Heap before GC invocations=217 (full 11):
 PSYoungGen      total 14336K, used 13582K [0x00000000eab00000, 0x00000000ebc80000, 0x0000000100000000)
  eden space 10752K, 99% used [0x00000000eab00000,0x00000000eb5712f8,0x00000000eb580000)
  from space 3584K, 80% used [0x00000000eb580000,0x00000000eb852858,0x00000000eb900000)
  to   space 3584K, 0% used [0x00000000eb900000,0x00000000eb900000,0x00000000ebc80000)
 ParOldGen       total 286208K, used 282195K [0x00000000c0000000, 0x00000000d1780000, 0x00000000eab00000)
  object space 286208K, 98% used [0x00000000c0000000,0x00000000d1394e90,0x00000000d1780000)
 Metaspace       used 55901K, committed 56704K, reserved 1105920K
  class space    used 6004K, committed 6336K, reserved 1048576K
}

Deoptimization events (20 events):
Event: 46.987 Thread 0x00000187a877dc10 Uncommon trap: trap_request=0xffffff66 fr.pc=0x000001879a7cbdc8 relative=0x00000000000001a8
Event: 46.987 Thread 0x00000187a877dc10 Uncommon trap: reason=speculate_class_check action=maybe_recompile pc=0x000001879a7cbdc8 method=java.util.stream.AbstractPipeline.spliterator()Ljava/util/Spliterator; @ 112 c2
Event: 46.987 Thread 0x00000187a877dc10 DEOPT PACKING pc=0x000001879a7cbdc8 sp=0x0000006e9d9fe5d0
Event: 46.987 Thread 0x00000187a877dc10 DEOPT UNPACKING pc=0x00000187927a20a3 sp=0x0000006e9d9fe560 mode 2
Event: 46.988 Thread 0x00000187a877dc10 Uncommon trap: trap_request=0xffffff66 fr.pc=0x000001879a7cbdc8 relative=0x00000000000001a8
Event: 46.988 Thread 0x00000187a877dc10 Uncommon trap: reason=speculate_class_check action=maybe_recompile pc=0x000001879a7cbdc8 method=java.util.stream.AbstractPipeline.spliterator()Ljava/util/Spliterator; @ 112 c2
Event: 46.988 Thread 0x00000187a877dc10 DEOPT PACKING pc=0x000001879a7cbdc8 sp=0x0000006e9d9fe5d0
Event: 46.988 Thread 0x00000187a877dc10 DEOPT UNPACKING pc=0x00000187927a20a3 sp=0x0000006e9d9fe560 mode 2
Event: 47.030 Thread 0x00000187a877d740 Uncommon trap: trap_request=0xffffff45 fr.pc=0x000001879a6a5eb8 relative=0x0000000000000298
Event: 47.030 Thread 0x00000187a877d740 Uncommon trap: reason=unstable_if action=reinterpret pc=0x000001879a6a5eb8 method=org.eclipse.jdt.internal.compiler.util.HashtableOfObject.putUnsafely([CLjava/lang/Object;)V @ 70 c2
Event: 47.030 Thread 0x00000187a877d740 DEOPT PACKING pc=0x000001879a6a5eb8 sp=0x0000006e9faff250
Event: 47.030 Thread 0x00000187a877d740 DEOPT UNPACKING pc=0x00000187927a20a3 sp=0x0000006e9faff1f8 mode 2
Event: 47.030 Thread 0x00000187a877d740 Uncommon trap: trap_request=0xffffff45 fr.pc=0x000001879a659e28 relative=0x0000000000000388
Event: 47.030 Thread 0x00000187a877d740 Uncommon trap: reason=unstable_if action=reinterpret pc=0x000001879a659e28 method=org.eclipse.jdt.internal.compiler.util.HashtableOfObject.get([C)Ljava/lang/Object; @ 49 c2
Event: 47.030 Thread 0x00000187a877d740 DEOPT PACKING pc=0x000001879a659e28 sp=0x0000006e9faff260
Event: 47.030 Thread 0x00000187a877d740 DEOPT UNPACKING pc=0x00000187927a20a3 sp=0x0000006e9faff1e8 mode 2
Event: 47.031 Thread 0x00000187a877d740 Uncommon trap: trap_request=0xffffff45 fr.pc=0x000001879a6a6b28 relative=0x0000000000000748
Event: 47.032 Thread 0x00000187a877d740 Uncommon trap: reason=unstable_if action=reinterpret pc=0x000001879a6a6b28 method=org.eclipse.jdt.internal.compiler.util.HashtableOfObject.putUnsafely([CLjava/lang/Object;)V @ 23 c2
Event: 47.032 Thread 0x00000187a877d740 DEOPT PACKING pc=0x000001879a6a6b28 sp=0x0000006e9faff1d0
Event: 47.032 Thread 0x00000187a877d740 DEOPT UNPACKING pc=0x00000187927a20a3 sp=0x0000006e9faff0f8 mode 2

Classes unloaded (7 events):
Event: 10.536 Thread 0x000001878fb84690 Unloading class 0x0000000100214000 'java/lang/invoke/LambdaForm$MH+0x0000000100214000'
Event: 10.536 Thread 0x000001878fb84690 Unloading class 0x0000000100213c00 'java/lang/invoke/LambdaForm$MH+0x0000000100213c00'
Event: 10.536 Thread 0x000001878fb84690 Unloading class 0x0000000100213800 'java/lang/invoke/LambdaForm$MH+0x0000000100213800'
Event: 10.536 Thread 0x000001878fb84690 Unloading class 0x0000000100213400 'java/lang/invoke/LambdaForm$MH+0x0000000100213400'
Event: 10.536 Thread 0x000001878fb84690 Unloading class 0x0000000100212c00 'java/lang/invoke/LambdaForm$BMH+0x0000000100212c00'
Event: 10.536 Thread 0x000001878fb84690 Unloading class 0x0000000100212800 'java/lang/invoke/LambdaForm$DMH+0x0000000100212800'
Event: 10.536 Thread 0x000001878fb84690 Unloading class 0x0000000100210000 'java/lang/invoke/LambdaForm$DMH+0x0000000100210000'

Classes redefined (0 events):
No events

Internal exceptions (20 events):
Event: 19.090 Thread 0x00000187a7b35760 Exception <a 'java/io/FileNotFoundException'{0x00000000eb1351e0}> (0x00000000eb1351e0) 
thrown [s\src\hotspot\share\prims\jni.cpp, line 516]
Event: 19.755 Thread 0x00000187a877d740 Implicit null exception at 0x000001879a658c2c to 0x000001879a658d2c
Event: 20.974 Thread 0x00000187a8782910 Implicit null exception at 0x000001879a6172f5 to 0x000001879a6173a0
Event: 21.013 Thread 0x00000187a8782910 Exception <a 'java/lang/NoSuchMethodError'{0x00000000eaff3a50}: 'java.lang.Object java.lang.invoke.DirectMethodHandle$Holder.newInvokeSpecial(java.lang.Object, java.lang.Object, java.lang.Object, int, java.lang.Object)'> (0x00000000eaff3a50) 
thrown [s\src\hotspot\share\interpreter\linkResolver.cpp, line 759]
Event: 21.014 Thread 0x00000187a8782910 Exception <a 'java/lang/NoSuchMethodError'{0x00000000eaff8090}: 'java.lang.Object java.lang.invoke.DirectMethodHandle$Holder.invokeSpecial(java.lang.Object, java.lang.Object, java.lang.Object, java.lang.Object, int, java.lang.Object)'> (0x00000000eaff8090) 
thrown [s\src\hotspot\share\interpreter\linkResolver.cpp, line 759]
Event: 21.021 Thread 0x00000187a8782910 Exception <a 'sun/nio/fs/WindowsException'{0x00000000eb045630}> (0x00000000eb045630) 
thrown [s\src\hotspot\share\prims\jni.cpp, line 516]
Event: 21.026 Thread 0x00000187a8782910 Exception <a 'sun/nio/fs/WindowsException'{0x00000000eb04e480}> (0x00000000eb04e480) 
thrown [s\src\hotspot\share\prims\jni.cpp, line 516]
Event: 21.027 Thread 0x00000187a8782910 Exception <a 'sun/nio/fs/WindowsException'{0x00000000eb0507f8}> (0x00000000eb0507f8) 
thrown [s\src\hotspot\share\prims\jni.cpp, line 516]
Event: 21.030 Thread 0x00000187a8782910 Exception <a 'sun/nio/fs/WindowsException'{0x00000000eb05c368}> (0x00000000eb05c368) 
thrown [s\src\hotspot\share\prims\jni.cpp, line 516]
Event: 21.037 Thread 0x00000187a8782910 Exception <a 'sun/nio/fs/WindowsException'{0x00000000eb070ee0}> (0x00000000eb070ee0) 
thrown [s\src\hotspot\share\prims\jni.cpp, line 516]
Event: 21.566 Thread 0x00000187a877d740 Implicit null exception at 0x000001879a6c9b60 to 0x000001879a6d31e4
Event: 38.222 Thread 0x00000187a7ad9880 Implicit null exception at 0x000001879a392bd8 to 0x000001879a39308c
Event: 45.314 Thread 0x00000187a8782910 Exception <a 'sun/nio/fs/WindowsException'{0x00000000ead300e0}> (0x00000000ead300e0) 
thrown [s\src\hotspot\share\prims\jni.cpp, line 516]
Event: 45.377 Thread 0x00000187a8782910 Exception <a 'sun/nio/fs/WindowsException'{0x00000000eb10c9b8}> (0x00000000eb10c9b8) 
thrown [s\src\hotspot\share\prims\jni.cpp, line 516]
Event: 45.381 Thread 0x00000187a8782910 Exception <a 'sun/nio/fs/WindowsException'{0x00000000eb1a05d0}> (0x00000000eb1a05d0) 
thrown [s\src\hotspot\share\prims\jni.cpp, line 516]
Event: 45.385 Thread 0x00000187a8782910 Exception <a 'sun/nio/fs/WindowsException'{0x00000000eb2c2550}> (0x00000000eb2c2550) 
thrown [s\src\hotspot\share\prims\jni.cpp, line 516]
Event: 45.388 Thread 0x00000187a8782910 Exception <a 'sun/nio/fs/WindowsException'{0x00000000eb339748}> (0x00000000eb339748) 
thrown [s\src\hotspot\share\prims\jni.cpp, line 516]
Event: 45.394 Thread 0x00000187a8782910 Exception <a 'sun/nio/fs/WindowsException'{0x00000000eb555a78}> (0x00000000eb555a78) 
thrown [s\src\hotspot\share\prims\jni.cpp, line 516]
Event: 46.476 Thread 0x00000187a8782910 Exception <a 'sun/nio/fs/WindowsException'{0x00000000eb338fe0}> (0x00000000eb338fe0) 
thrown [s\src\hotspot\share\prims\jni.cpp, line 516]
Event: 46.712 Thread 0x00000187a8782910 Exception <a 'sun/nio/fs/WindowsException'{0x00000000eaffd658}> (0x00000000eaffd658) 
thrown [s\src\hotspot\share\prims\jni.cpp, line 516]

VM Operations (20 events):
Event: 46.753 Executing VM operation: ParallelGCFailedAllocation done
Event: 46.769 Executing VM operation: ParallelGCFailedAllocation
Event: 46.772 Executing VM operation: ParallelGCFailedAllocation done
Event: 46.796 Executing VM operation: ParallelGCFailedAllocation
Event: 46.800 Executing VM operation: ParallelGCFailedAllocation done
Event: 46.819 Executing VM operation: ParallelGCFailedAllocation
Event: 46.823 Executing VM operation: ParallelGCFailedAllocation done
Event: 46.836 Executing VM operation: ParallelGCFailedAllocation
Event: 46.836 Executing VM operation: ParallelGCFailedAllocation done
Event: 46.836 Executing VM operation: ParallelGCSystemGC
Event: 46.839 Executing VM operation: ParallelGCSystemGC done
Event: 46.858 Executing VM operation: ParallelGCFailedAllocation
Event: 46.861 Executing VM operation: ParallelGCFailedAllocation done
Event: 46.881 Executing VM operation: ParallelGCFailedAllocation
Event: 46.884 Executing VM operation: ParallelGCFailedAllocation done
Event: 46.981 Executing VM operation: HandshakeAllThreads
Event: 46.981 Executing VM operation: HandshakeAllThreads done
Event: 46.993 Executing VM operation: ParallelGCFailedAllocation
Event: 46.997 Executing VM operation: ParallelGCFailedAllocation done
Event: 47.133 Executing VM operation: ParallelGCFailedAllocation

Events (20 events):
Event: 46.754 Thread 0x00000187a877ea80 Thread added: 0x00000187a877ea80
Event: 46.788 loading class java/util/concurrent/CopyOnWriteArraySet
Event: 46.790 loading class java/util/concurrent/CopyOnWriteArraySet done
Event: 46.869 loading class java/util/concurrent/ArrayBlockingQueue
Event: 46.870 loading class java/util/concurrent/ArrayBlockingQueue done
Event: 46.894 Thread 0x00000187a877dc10 Thread added: 0x00000187a877dc10
Event: 46.895 loading class java/util/concurrent/ForkJoinWorkerThread
Event: 46.895 loading class java/util/concurrent/ForkJoinWorkerThread done
Event: 46.975 loading class java/io/FileFilter
Event: 46.975 loading class java/io/FileFilter done
Event: 46.985 loading class java/util/concurrent/ConcurrentHashMap$ValueSpliterator
Event: 46.985 loading class java/util/concurrent/ConcurrentHashMap$ValueSpliterator done
Event: 46.986 loading class java/util/stream/Streams$ConcatSpliterator$OfRef
Event: 46.986 loading class java/util/stream/Streams$ConcatSpliterator
Event: 46.987 loading class java/util/stream/Streams$ConcatSpliterator done
Event: 46.987 loading class java/util/stream/Streams$ConcatSpliterator$OfRef done
Event: 46.987 loading class java/util/stream/Streams$2
Event: 46.987 loading class java/util/stream/Streams$2 done
Event: 46.989 loading class jdk/internal/loader/BootLoader$PackageHelper
Event: 46.990 loading class jdk/internal/loader/BootLoader$PackageHelper done


Dynamic libraries:
0x00007ff6e67c0000 - 0x00007ff6e67ce000 	c:\Users\9048i\.antigravity\extensions\redhat.java-1.12.0-win32-x64\jre\17.0.4.1-win32-x86_64\bin\java.exe
0x00007ffc4de80000 - 0x00007ffc4e0e8000 	C:\WINDOWS\SYSTEM32\ntdll.dll
0x00007ffc4cf20000 - 0x00007ffc4cfe9000 	C:\WINDOWS\System32\KERNEL32.DLL
0x00007ffc4b2c0000 - 0x00007ffc4b6b1000 	C:\WINDOWS\System32\KERNELBASE.dll
0x00007ffc47a60000 - 0x00007ffc47afe000 	C:\WINDOWS\SYSTEM32\apphelp.dll
0x00007ffc4b8f0000 - 0x00007ffc4ba3b000 	C:\WINDOWS\System32\ucrtbase.dll
0x00007ffbff190000 - 0x00007ffbff1a8000 	c:\Users\9048i\.antigravity\extensions\redhat.java-1.12.0-win32-x64\jre\17.0.4.1-win32-x86_64\bin\jli.dll
0x00007ffbff100000 - 0x00007ffbff119000 	c:\Users\9048i\.antigravity\extensions\redhat.java-1.12.0-win32-x64\jre\17.0.4.1-win32-x86_64\bin\VCRUNTIME140.dll
0x00007ffc4d960000 - 0x00007ffc4db26000 	C:\WINDOWS\System32\USER32.dll
0x00007ffc4b290000 - 0x00007ffc4b2b7000 	C:\WINDOWS\System32\win32u.dll
0x00007ffc35110000 - 0x00007ffc353a3000 	C:\WINDOWS\WinSxS\amd64_microsoft.windows.common-controls_6595b64144ccf1df_6.0.26100.7824_none_3e0870b2e3345462\COMCTL32.dll
0x00007ffc4d2e0000 - 0x00007ffc4d30b000 	C:\WINDOWS\System32\GDI32.dll
0x00007ffc4d8b0000 - 0x00007ffc4d959000 	C:\WINDOWS\System32\msvcrt.dll
0x00007ffc4baf0000 - 0x00007ffc4bc1b000 	C:\WINDOWS\System32\gdi32full.dll
0x00007ffc4a8e0000 - 0x00007ffc4a983000 	C:\WINDOWS\System32\msvcp_win.dll
0x00007ffc4bca0000 - 0x00007ffc4bcd1000 	C:\WINDOWS\System32\IMM32.DLL
0x00007ffc33910000 - 0x00007ffc3391c000 	c:\Users\9048i\.antigravity\extensions\redhat.java-1.12.0-win32-x64\jre\17.0.4.1-win32-x86_64\bin\vcruntime140_1.dll
0x00007ffbf5ee0000 - 0x00007ffbf5f71000 	c:\Users\9048i\.antigravity\extensions\redhat.java-1.12.0-win32-x64\jre\17.0.4.1-win32-x86_64\bin\msvcp140.dll
0x00007ffb9d570000 - 0x00007ffb9e1b6000 	c:\Users\9048i\.antigravity\extensions\redhat.java-1.12.0-win32-x64\jre\17.0.4.1-win32-x86_64\bin\server\jvm.dll
0x00007ffc4cff0000 - 0x00007ffc4d0a4000 	C:\WINDOWS\System32\ADVAPI32.dll
0x00007ffc4d800000 - 0x00007ffc4d8a6000 	C:\WINDOWS\System32\sechost.dll
0x00007ffc4dd20000 - 0x00007ffc4de38000 	C:\WINDOWS\System32\RPCRT4.dll
0x00007ffc4c6f0000 - 0x00007ffc4c6f8000 	C:\WINDOWS\System32\PSAPI.DLL
0x00007ffc47a50000 - 0x00007ffc47a5a000 	C:\WINDOWS\SYSTEM32\WSOCK32.dll
0x00007ffc3f1a0000 - 0x00007ffc3f1d5000 	C:\WINDOWS\SYSTEM32\WINMM.dll
0x00007ffc3dce0000 - 0x00007ffc3dceb000 	C:\WINDOWS\SYSTEM32\VERSION.dll
0x00007ffc4d260000 - 0x00007ffc4d2d4000 	C:\WINDOWS\System32\WS2_32.dll
0x00007ffc49500000 - 0x00007ffc4951b000 	C:\WINDOWS\SYSTEM32\kernel.appcore.dll
0x00007ffc338e0000 - 0x00007ffc338ea000 	c:\Users\9048i\.antigravity\extensions\redhat.java-1.12.0-win32-x64\jre\17.0.4.1-win32-x86_64\bin\jimage.dll
0x00007ffc48490000 - 0x00007ffc486d2000 	C:\WINDOWS\SYSTEM32\DBGHELP.DLL
0x00007ffc4be80000 - 0x00007ffc4c206000 	C:\WINDOWS\System32\combase.dll
0x00007ffc4bce0000 - 0x00007ffc4bdb7000 	C:\WINDOWS\System32\OLEAUT32.dll
0x00007ffc30980000 - 0x00007ffc309bb000 	C:\WINDOWS\SYSTEM32\dbgcore.DLL
0x00007ffc4ba40000 - 0x00007ffc4bae5000 	C:\WINDOWS\System32\bcryptPrimitives.dll
0x00007ffc319e0000 - 0x00007ffc319ee000 	c:\Users\9048i\.antigravity\extensions\redhat.java-1.12.0-win32-x64\jre\17.0.4.1-win32-x86_64\bin\instrument.dll
0x00007ffbf5eb0000 - 0x00007ffbf5ed5000 	c:\Users\9048i\.antigravity\extensions\redhat.java-1.12.0-win32-x64\jre\17.0.4.1-win32-x86_64\bin\java.dll
0x00007ffbfe590000 - 0x00007ffbfe5a8000 	c:\Users\9048i\.antigravity\extensions\redhat.java-1.12.0-win32-x64\jre\17.0.4.1-win32-x86_64\bin\zip.dll
0x00007ffc4c790000 - 0x00007ffc4cee2000 	C:\WINDOWS\System32\SHELL32.dll
0x00007ffc4b780000 - 0x00007ffc4b8ea000 	C:\WINDOWS\System32\wintypes.dll
0x00007ffc4a990000 - 0x00007ffc4b1f3000 	C:\WINDOWS\System32\windows.storage.dll
0x00007ffc4d0b0000 - 0x00007ffc4d1a6000 	C:\WINDOWS\System32\SHCORE.dll
0x00007ffc4bc20000 - 0x00007ffc4bc87000 	C:\WINDOWS\System32\shlwapi.dll
0x00007ffc4a680000 - 0x00007ffc4a6a9000 	C:\WINDOWS\SYSTEM32\profapi.dll
0x00007ffbf5e90000 - 0x00007ffbf5ea9000 	C:\Users\9048i\.antigravity\extensions\redhat.java-1.12.0-win32-x64\jre\17.0.4.1-win32-x86_64\bin\net.dll
0x00007ffc44f40000 - 0x00007ffc45067000 	C:\WINDOWS\SYSTEM32\WINHTTP.dll
0x00007ffc49a70000 - 0x00007ffc49adb000 	C:\WINDOWS\system32\mswsock.dll
0x00007ffbf5e70000 - 0x00007ffbf5e85000 	C:\Users\9048i\.antigravity\extensions\redhat.java-1.12.0-win32-x64\jre\17.0.4.1-win32-x86_64\bin\nio.dll
0x00007ffc33a20000 - 0x00007ffc33a30000 	c:\Users\9048i\.antigravity\extensions\redhat.java-1.12.0-win32-x64\jre\17.0.4.1-win32-x86_64\bin\verify.dll
0x00007ffc007d0000 - 0x00007ffc0080e000 	C:\Users\9048i\AppData\Roaming\Antigravity\User\globalStorage\redhat.java\1.12.0\config_win\org.eclipse.equinox.launcher\org.eclipse.equinox.launcher.win32.win32.x86_64_1.2.600.v20220720-1916\eclipse_11700.dll
0x00007ffc4d310000 - 0x00007ffc4d4a7000 	C:\WINDOWS\System32\ole32.dll
0x00007ffc3e9b0000 - 0x00007ffc3e9b9000 	C:\Users\9048i\.antigravity\extensions\redhat.java-1.12.0-win32-x64\jre\17.0.4.1-win32-x86_64\bin\management.dll
0x00007ffc383f0000 - 0x00007ffc383fb000 	C:\Users\9048i\.antigravity\extensions\redhat.java-1.12.0-win32-x64\jre\17.0.4.1-win32-x86_64\bin\management_ext.dll
0x00007ffc49d40000 - 0x00007ffc49d5b000 	C:\WINDOWS\SYSTEM32\CRYPTSP.dll
0x00007ffc49460000 - 0x00007ffc49499000 	C:\WINDOWS\system32\rsaenh.dll
0x00007ffc49b20000 - 0x00007ffc49b4b000 	C:\WINDOWS\SYSTEM32\USERENV.dll
0x00007ffc4a650000 - 0x00007ffc4a67a000 	C:\WINDOWS\SYSTEM32\bcrypt.dll
0x00007ffc49d60000 - 0x00007ffc49d6c000 	C:\WINDOWS\SYSTEM32\CRYPTBASE.dll
0x00007ffc48f80000 - 0x00007ffc48fb4000 	C:\WINDOWS\SYSTEM32\IPHLPAPI.DLL
0x00007ffc4bc90000 - 0x00007ffc4bc9a000 	C:\WINDOWS\System32\NSI.dll
0x00007ffc45140000 - 0x00007ffc4515e000 	C:\WINDOWS\SYSTEM32\dhcpcsvc6.DLL
0x00007ffc45090000 - 0x00007ffc450b3000 	C:\WINDOWS\SYSTEM32\dhcpcsvc.DLL
0x00007ffc48fc0000 - 0x00007ffc490ec000 	C:\WINDOWS\SYSTEM32\DNSAPI.dll
0x00007ffbf5df0000 - 0x00007ffbf5e30000 	C:\Users\9048i\AppData\Local\Temp\jna-54122478\jna4585678113176573298.dll
0x00007ffc3f050000 - 0x00007ffc3f06b000 	\\?\C:\WINDOWS\system32\MpeHttpExt.dll
0x00007ffc346f0000 - 0x00007ffc346fe000 	C:\Users\9048i\.antigravity\extensions\redhat.java-1.12.0-win32-x64\jre\17.0.4.1-win32-x86_64\bin\sunmscapi.dll
0x00007ffc4a760000 - 0x00007ffc4a8d7000 	C:\WINDOWS\System32\CRYPT32.dll
0x00007ffc49f60000 - 0x00007ffc49f90000 	C:\WINDOWS\SYSTEM32\ncrypt.dll
0x00007ffc49f10000 - 0x00007ffc49f4f000 	C:\WINDOWS\SYSTEM32\NTASN1.dll
0x00007ffc43950000 - 0x00007ffc4395b000 	C:\Windows\System32\rasadhlp.dll
0x00007ffc45360000 - 0x00007ffc453e6000 	C:\WINDOWS\System32\fwpuclnt.dll

dbghelp: loaded successfully - version: 4.0.5 - missing functions: none
symbol engine: initialized successfully - sym options: 0x614 - pdb path: .;c:\Users\9048i\.antigravity\extensions\redhat.java-1.12.0-win32-x64\jre\17.0.4.1-win32-x86_64\bin;C:\WINDOWS\SYSTEM32;C:\WINDOWS\WinSxS\amd64_microsoft.windows.common-controls_6595b64144ccf1df_6.0.26100.7824_none_3e0870b2e3345462;c:\Users\9048i\.antigravity\extensions\redhat.java-1.12.0-win32-x64\jre\17.0.4.1-win32-x86_64\bin\server;C:\Users\9048i\AppData\Roaming\Antigravity\User\globalStorage\redhat.java\1.12.0\config_win\org.eclipse.equinox.launcher\org.eclipse.equinox.launcher.win32.win32.x86_64_1.2.600.v20220720-1916;C:\Users\9048i\AppData\Local\Temp\jna-54122478;\\?\C:\WINDOWS\system32

VM Arguments:
jvm_args: --add-modules=ALL-SYSTEM --add-opens=java.base/java.util=ALL-UNNAMED --add-opens=java.base/java.lang=ALL-UNNAMED --add-opens=java.base/sun.nio.fs=ALL-UNNAMED -Declipse.application=org.eclipse.jdt.ls.core.id1 -Dosgi.bundles.defaultStartLevel=4 -Declipse.product=org.eclipse.jdt.ls.core.product -Djava.import.generatesMetadataFilesAtProjectRoot=false -Dfile.encoding=utf8 -XX:+UseParallelGC -XX:GCTimeRatio=4 -XX:AdaptiveSizePolicyWeight=90 -Dsun.zip.disableMemoryMapping=true -Xmx1G -Xms100m -Xlog:disable -javaagent:c:\Users\9048i\.antigravity\extensions\redhat.java-1.12.0-win32-x64\lombok\lombok-1.18.24.jar -XX:+HeapDumpOnOutOfMemoryError -XX:HeapDumpPath=c:\Users\9048i\AppData\Roaming\Antigravity\User\workspaceStorage\6d099efd984f7a601acc4e0e88a2de3e\redhat.java 
java_command: c:\Users\9048i\.antigravity\extensions\redhat.java-1.12.0-win32-x64\server\plugins\org.eclipse.equinox.launcher_1.6.400.v20210924-0641.jar -configuration c:\Users\9048i\AppData\Roaming\Antigravity\User\globalStorage\redhat.java\1.12.0\config_win -data c:\Users\9048i\AppData\Roaming\Antigravity\User\workspaceStorage\6d099efd984f7a601acc4e0e88a2de3e\redhat.java\jdt_ws
java_class_path (initial): c:\Users\9048i\.antigravity\extensions\redhat.java-1.12.0-win32-x64\server\plugins\org.eclipse.equinox.launcher_1.6.400.v20210924-0641.jar
Launcher Type: SUN_STANDARD

[Global flags]
    uintx AdaptiveSizePolicyWeight                 = 90                                        {product} {command line}
     intx CICompilerCount                          = 12                                        {product} {ergonomic}
    uintx GCTimeRatio                              = 4                                         {product} {command line}
     bool HeapDumpOnOutOfMemoryError               = true                                   {manageable} {command line}
    ccstr HeapDumpPath                             = c:\Users\9048i\AppData\Roaming\Antigravity\User\workspaceStorage\6d099efd984f7a601acc4e0e88a2de3e\redhat.java         {manageable} {command line}
   size_t InitialHeapSize                          = 104857600                                 {product} {command line}
   size_t MaxHeapSize                              = 1073741824                                {product} {command line}
   size_t MaxNewSize                               = 357564416                                 {product} {ergonomic}
   size_t MinHeapDeltaBytes                        = 524288                                    {product} {ergonomic}
   size_t MinHeapSize                              = 104857600                                 {product} {command line}
   size_t NewSize                                  = 34603008                                  {product} {ergonomic}
    uintx NonNMethodCodeHeapSize                   = 7602480                                {pd product} {ergonomic}
    uintx NonProfiledCodeHeapSize                  = 122027880                              {pd product} {ergonomic}
   size_t OldSize                                  = 70254592                                  {product} {ergonomic}
    uintx ProfiledCodeHeapSize                     = 122027880                              {pd product} {ergonomic}
    uintx ReservedCodeCacheSize                    = 251658240                              {pd product} {ergonomic}
     bool SegmentedCodeCache                       = true                                      {product} {ergonomic}
   size_t SoftMaxHeapSize                          = 1073741824                             {manageable} {ergonomic}
     bool UseCompressedClassPointers               = true                           {product lp64_product} {ergonomic}
     bool UseCompressedOops                        = true                           {product lp64_product} {ergonomic}
     bool UseLargePagesIndividualAllocation        = false                                  {pd product} {ergonomic}
     bool UseParallelGC                            = true                                      {product} {command line}

Logging:
Log output configuration:
 #0: stdout all=off uptime,level,tags
 #1: stderr all=off uptime,level,tags

Environment Variables:
PATH=C:\Program Files\Google\Chrome\Application;C:\Program Files\Common Files\Oracle\Java\javapath;C:\Windows\system32;C:\Windows;C:\Windows\System32\Wbem;C:\Windows\System32\WindowsPowerShell\v1.0\;C:\Windows\System32\OpenSSH\;C:\Program Files (x86)\NVIDIA Corporation\PhysX\Common;C:\Program Files\Microsoft VS Code\bin;C:\ProgramData\chocolatey\bin;C:\Program Files\flutter\bin;C:\Program Files\NVIDIA Corporation\NVIDIA app\NvDLISR;C:\WINDOWS\system32;C:\WINDOWS;C:\WINDOWS\System32\Wbem;C:\WINDOWS\System32\WindowsPowerShell\v1.0\;C:\WINDOWS\System32\OpenSSH\;C:\Program Files\nodejs\;C:\Program Files\GitHub CLI\;C:\Program Files\Git\bin;C:\Users\9048i\AppData\Local\Programs\Python\Launcher\;C:\Program Files\MySQL\MySQL Shell 8.0\bin\;C:\Users\9048i\AppData\Local\Microsoft\WindowsApps;C:\Users\9048i\AppData\Local\Microsoft\WinGet\Packages\Schniz.fnm_Microsoft.Winget.Source_8wekyb3d8bbwe;C:\Program Files\flutter\bin;C:\Program Files\mongosh\;C:\Users\9048i\AppData\Roaming\npm;C:\Users\9048i\OneDrive\Desktop\Suman\PyCharm 2025.3.1.1\bin
USERNAME=9048i
OS=Windows_NT
PROCESSOR_IDENTIFIER=AMD64 Family 25 Model 68 Stepping 1, AuthenticAMD
TMP=C:\Users\9048i\AppData\Local\Temp
TEMP=C:\Users\9048i\AppData\Local\Temp



---------------  S Y S T E M  ---------------

OS:
 Windows 11 , 64 bit Build 26100 (10.0.26100.7705)
OS uptime: 0 days 10:25 hours
Hyper-V role detected

CPU: total 16 (initial active 16) (16 cores per cpu, 2 threads per core) family 25 model 68 stepping 1 microcode 0xa404107, cx8, cmov, fxsr, ht, mmx, 3dnowpref, sse, sse2, sse3, ssse3, sse4a, sse4.1, sse4.2, popcnt, lzcnt, tsc, tscinvbit, avx, avx2, aes, erms, clmul, bmi1, bmi2, adx, sha, fma, vzeroupper, clflush, clflushopt, hv

Memory: 4k page, system-wide physical 7365M (329M free)
TotalPageFile size 29893M (AvailPageFile size 4M)
current process WorkingSet (physical memory assigned to process): 485M, peak: 492M
current process commit charge ("private bytes"): 540M, peak: 929M

vm_info: OpenJDK 64-Bit Server VM (17.0.4.1+1) for windows-amd64 JRE (17.0.4.1+1), built on Aug 17 2022 07:42:43 by "temurin" with MS VC++ 16.7 (VS2019)

END.
