#
# There is insufficient memory for the Java Runtime Environment to continue.
# Native memory allocation (malloc) failed to allocate 458096 bytes for Chunk::new
# Possible reasons:
#   The system is out of physical RAM or swap space
#   The process is running with CompressedOops enabled, and the Java Heap may be blocking the growth of the native heap
# Possible solutions:
#   Reduce memory load on the system
#   Increase physical memory or swap space
#   Check if swap backing store is full
#   Decrease Java heap size (-Xmx/-Xms)
#   Decrease number of Java threads
#   Decrease Java thread stack sizes (-Xss)
#   Set larger code cache with -XX:ReservedCodeCacheSize=
#   JVM is running with Unscaled Compressed Oops mode in which the Java heap is
#     placed in the first 4GB address space. The Java Heap base address is the
#     maximum limit for the native heap growth. Please use -XX:HeapBaseMinAddress
#     to set the Java Heap base and to place the Java Heap above 4GB virtual address.
# This output file may be truncated or incomplete.
#
#  Out of Memory Error (arena.cpp:189), pid=12744, tid=31544
#
# JRE version: OpenJDK Runtime Environment Temurin-17.0.4.1+1 (17.0.4.1+1) (build 17.0.4.1+1)
# Java VM: OpenJDK 64-Bit Server VM Temurin-17.0.4.1+1 (17.0.4.1+1, mixed mode, tiered, compressed oops, compressed class ptrs, parallel gc, windows-amd64)
# No core dump will be written. Minidumps are not enabled by default on client versions of Windows
#

---------------  S U M M A R Y ------------

Command Line: --add-modules=ALL-SYSTEM --add-opens=java.base/java.util=ALL-UNNAMED --add-opens=java.base/java.lang=ALL-UNNAMED --add-opens=java.base/sun.nio.fs=ALL-UNNAMED -Declipse.application=org.eclipse.jdt.ls.core.id1 -Dosgi.bundles.defaultStartLevel=4 -Declipse.product=org.eclipse.jdt.ls.core.product -Djava.import.generatesMetadataFilesAtProjectRoot=false -Dfile.encoding=utf8 -XX:+UseParallelGC -XX:GCTimeRatio=4 -XX:AdaptiveSizePolicyWeight=90 -Dsun.zip.disableMemoryMapping=true -Xmx1G -Xms100m -Xlog:disable -javaagent:c:\Users\9048i\.antigravity\extensions\redhat.java-1.12.0-win32-x64\lombok\lombok-1.18.24.jar c:\Users\9048i\.antigravity\extensions\redhat.java-1.12.0-win32-x64\server\plugins\org.eclipse.equinox.launcher_1.6.400.v20210924-0641.jar -configuration c:\Users\9048i\AppData\Roaming\Antigravity\User\globalStorage\redhat.java\1.12.0\config_ss_win -data c:\Users\9048i\AppData\Roaming\Antigravity\User\workspaceStorage\6d099efd984f7a601acc4e0e88a2de3e\redhat.java\ss_ws

Host: AMD Ryzen 7 6800H with Radeon Graphics         , 16 cores, 7G,  Windows 11 , 64 bit Build 26100 (10.0.26100.7705)
Time: Sat Feb 28 03:30:50 2026 India Standard Time elapsed time: 5.198072 seconds (0d 0h 0m 5s)

---------------  T H R E A D  ---------------

Current thread (0x0000016f67433da0):  JavaThread "C2 CompilerThread2" daemon [_thread_in_native, id=31544, stack(0x00000037c3800000,0x00000037c3900000)]


Current CompileTask:
C2:   5198  688   !   4       java.util.jar.Attributes::read (498 bytes)

Stack: [0x00000037c3800000,0x00000037c3900000]
Native frames: (J=compiled Java code, j=interpreted, Vv=VM code, C=native code)
V  [jvm.dll+0x67731a]
V  [jvm.dll+0x832284]
V  [jvm.dll+0x833a2e]
V  [jvm.dll+0x834093]
V  [jvm.dll+0x245775]
V  [jvm.dll+0xabd7b]
V  [jvm.dll+0xac30c]
V  [jvm.dll+0x363a42]
V  [jvm.dll+0x32e011]
V  [jvm.dll+0x32d4ba]
V  [jvm.dll+0x218681]
V  [jvm.dll+0x217aa1]
V  [jvm.dll+0x1a3f8d]
V  [jvm.dll+0x227498]
V  [jvm.dll+0x2255e5]
V  [jvm.dll+0x7e7e9b]
V  [jvm.dll+0x7e240a]
V  [jvm.dll+0x6761a5]
C  [ucrtbase.dll+0x37b0]
C  [KERNEL32.DLL+0x2e8d7]
C  [ntdll.dll+0x8c40c]


---------------  P R O C E S S  ---------------

Threads class SMR info:
_java_thread_list=0x0000016f6743c1c0, length=17, elements={
0x0000016f4faa40f0, 0x0000016f654e7ad0, 0x0000016f654e9610, 0x0000016f6391e3b0,
0x0000016f65532030, 0x0000016f65533c00, 0x0000016f65539fe0, 0x0000016f6553dbc0,
0x0000016f6553e4c0, 0x0000016f65541250, 0x0000016f4fb097c0, 0x0000016f6568e750,
0x0000016f656b70f0, 0x0000016f673bd7b0, 0x0000016f673bdcc0, 0x0000016f67416670,
0x0000016f67433da0
}

Java Threads: ( => current thread )
  0x0000016f4faa40f0 JavaThread "main" [_thread_in_native, id=36232, stack(0x00000037c2500000,0x00000037c2600000)]
  0x0000016f654e7ad0 JavaThread "Reference Handler" daemon [_thread_blocked, id=28956, stack(0x00000037c2800000,0x00000037c2900000)]
  0x0000016f654e9610 JavaThread "Finalizer" daemon [_thread_blocked, id=20576, stack(0x00000037c2900000,0x00000037c2a00000)]
  0x0000016f6391e3b0 JavaThread "Signal Dispatcher" daemon [_thread_blocked, id=29920, stack(0x00000037c2a00000,0x00000037c2b00000)]
  0x0000016f65532030 JavaThread "Attach Listener" daemon [_thread_blocked, id=31304, stack(0x00000037c2b00000,0x00000037c2c00000)]
  0x0000016f65533c00 JavaThread "Service Thread" daemon [_thread_blocked, id=8892, stack(0x00000037c2c00000,0x00000037c2d00000)]
  0x0000016f65539fe0 JavaThread "Monitor Deflation Thread" daemon [_thread_blocked, id=35288, stack(0x00000037c2d00000,0x00000037c2e00000)]
  0x0000016f6553dbc0 JavaThread "C2 CompilerThread0" daemon [_thread_blocked, id=34632, stack(0x00000037c2e00000,0x00000037c2f00000)]
  0x0000016f6553e4c0 JavaThread "C1 CompilerThread0" daemon [_thread_blocked, id=28876, stack(0x00000037c2f00000,0x00000037c3000000)]
  0x0000016f65541250 JavaThread "Sweeper thread" daemon [_thread_blocked, id=19740, stack(0x00000037c3000000,0x00000037c3100000)]
  0x0000016f4fb097c0 JavaThread "Common-Cleaner" daemon [_thread_blocked, id=30392, stack(0x00000037c3100000,0x00000037c3200000)]
  0x0000016f6568e750 JavaThread "C1 CompilerThread1" daemon [_thread_blocked, id=33844, stack(0x00000037c3200000,0x00000037c3300000)]
  0x0000016f656b70f0 JavaThread "C2 CompilerThread1" daemon [_thread_in_native, id=11508, stack(0x00000037c3300000,0x00000037c3400000)]
  0x0000016f673bd7b0 JavaThread "C1 CompilerThread2" daemon [_thread_blocked, id=4080, stack(0x00000037c3400000,0x00000037c3500000)]
  0x0000016f673bdcc0 JavaThread "C1 CompilerThread3" daemon [_thread_blocked, id=21300, stack(0x00000037c3500000,0x00000037c3600000)]
  0x0000016f67416670 JavaThread "Notification Thread" daemon [_thread_blocked, id=34420, stack(0x00000037c3600000,0x00000037c3700000)]
=>0x0000016f67433da0 JavaThread "C2 CompilerThread2" daemon [_thread_in_native, id=31544, stack(0x00000037c3800000,0x00000037c3900000)]

Other Threads:
  0x0000016f4fb2ee30 VMThread "VM Thread" [stack: 0x00000037c2700000,0x00000037c2800000] [id=29652]
  0x0000016f6580e4d0 WatcherThread [stack: 0x00000037c3700000,0x00000037c3800000] [id=16744]
  0x0000016f4fab3070 GCTaskThread "GC Thread#0" [stack: 0x00000037c2600000,0x00000037c2700000] [id=26808]

Threads with active compile tasks:
C1 CompilerThread1     5217  795       1       java.lang.Boolean::booleanValue (5 bytes)
C2 CompilerThread1     5217  792       4       sun.security.provider.SHA2::implCompress (13 bytes)
C2 CompilerThread2     5217  688   !   4       java.util.jar.Attributes::read (498 bytes)

VM state: not at safepoint (normal execution)

VM Mutex/Monitor currently owned by a thread:  ([mutex/lock_event])
[0x0000016f4faa1610] Compile_lock - owner thread: 0x0000016f656b70f0

Heap address: 0x00000000c0000000, size: 1024 MB, Compressed Oops mode: 32-bit

CDS archive(s) not mapped
Compressed class space mapped at: 0x0000000100000000-0x0000000140000000, reserved size: 1073741824
Narrow klass base: 0x0000000000000000, Narrow klass shift: 3, Narrow klass range: 0x140000000

GC Precious Log:
 CPUs: 16 total, 16 available
 Memory: 7365M
 Large Page Support: Disabled
 NUMA Support: Disabled
 Compressed Oops: Enabled (32-bit)
 Alignments: Space 512K, Generation 512K, Heap 2M
 Heap Min Capacity: 100M
 Heap Initial Capacity: 100M
 Heap Max Capacity: 1G
 Pre-touch: Disabled
 Parallel Workers: 13

Heap:
 PSYoungGen      total 29696K, used 19562K [0x00000000eab00000, 0x00000000ecc00000, 0x0000000100000000)
  eden space 25600K, 76% used [0x00000000eab00000,0x00000000ebe1ab88,0x00000000ec400000)
  from space 4096K, 0% used [0x00000000ec800000,0x00000000ec800000,0x00000000ecc00000)
  to   space 4096K, 0% used [0x00000000ec400000,0x00000000ec400000,0x00000000ec800000)
 ParOldGen       total 68608K, used 0K [0x00000000c0000000, 0x00000000c4300000, 0x00000000eab00000)
  object space 68608K, 0% used [0x00000000c0000000,0x00000000c0000000,0x00000000c4300000)
 Metaspace       used 9620K, committed 9728K, reserved 1064960K
  class space    used 973K, committed 1024K, reserved 1048576K

Card table byte_map: [0x0000016f4f440000,0x0000016f4f650000] _byte_map_base: 0x0000016f4ee40000

Marking Bits: (ParMarkBitMap*) 0x00007ffb9e0f2cc0
 Begin Bits: [0x0000016f61720000, 0x0000016f62720000)
 End Bits:   [0x0000016f62720000, 0x0000016f63720000)

Polling page: 0x0000016f4ddf0000

Metaspace:

Usage:
  Non-class:      8.45 MB used.
      Class:    973.95 KB used.
       Both:      9.40 MB used.

Virtual space:
  Non-class space:       16.00 MB reserved,       8.50 MB ( 53%) committed,  2 nodes.
      Class space:        1.00 GB reserved,       1.00 MB ( <1%) committed,  1 nodes.
             Both:        1.02 GB reserved,       9.50 MB ( <1%) committed. 

Chunk freelists:
   Non-Class:  2.70 MB
       Class:  3.00 MB
        Both:  5.70 MB

MaxMetaspaceSize: unlimited
CompressedClassSpaceSize: 1.00 GB
Initial GC threshold: 21.00 MB
Current GC threshold: 21.00 MB
CDS: off
MetaspaceReclaimPolicy: balanced
 - commit_granule_bytes: 65536.
 - commit_granule_words: 8192.
 - virtual_space_node_default_size: 1048576.
 - enlarge_chunks_in_place: 1.
 - new_chunks_are_fully_committed: 0.
 - uncommit_free_chunks: 1.
 - use_allocation_guard: 0.
 - handle_deallocations: 1.


Internal statistics:

num_allocs_failed_limit: 0.
num_arena_births: 16.
num_arena_deaths: 0.
num_vsnodes_births: 3.
num_vsnodes_deaths: 0.
num_space_committed: 152.
num_space_uncommitted: 0.
num_chunks_returned_to_freelist: 0.
num_chunks_taken_from_freelist: 64.
num_chunk_merges: 0.
num_chunk_splits: 37.
num_chunks_enlarged: 32.
num_purges: 0.
num_inconsistent_stats: 0.

CodeHeap 'non-profiled nmethods': size=119168Kb used=293Kb max_used=293Kb free=118874Kb
 bounds [0x0000016f5a2c0000, 0x0000016f5a530000, 0x0000016f61720000]
CodeHeap 'profiled nmethods': size=119104Kb used=1307Kb max_used=1307Kb free=117796Kb
 bounds [0x0000016f52e70000, 0x0000016f530e0000, 0x0000016f5a2c0000]
CodeHeap 'non-nmethods': size=7488Kb used=2824Kb max_used=2846Kb free=4663Kb
 bounds [0x0000016f52720000, 0x0000016f529f0000, 0x0000016f52e70000]
 total_blobs=1218 nmethods=793 adapters=337
 compilation: enabled
              stopped_count=0, restarted_count=0
 full_count=0

Compilation events (20 events):
Event: 3.177 Thread 0x0000016f656b70f0 nmethod 740 0x0000016f5a302f10 code [0x0000016f5a3030a0, 0x0000016f5a3031b8]
Event: 3.177 Thread 0x0000016f656b70f0  741       4       java.math.BigInteger::addOne (77 bytes)
Event: 3.177 Thread 0x0000016f673bdcc0  745       3       sun.security.util.SignatureFileVerifier::updateSigners (132 bytes)
Event: 3.177 Thread 0x0000016f6553e4c0  746       3       sun.security.util.SignatureFileVerifier::matches (93 bytes)
Event: 3.178 Thread 0x0000016f673bd7b0  747       3       java.util.zip.ZipFile$Source::getEntryNext (9 bytes)
Event: 3.178 Thread 0x0000016f6553e4c0 nmethod 746 0x0000016f52f9cf90 code [0x0000016f52f9d1c0, 0x0000016f52f9da78]
Event: 3.178 Thread 0x0000016f6568e750  748       3       jdk.internal.reflect.ClassFileAssembler::emitShort (24 bytes)
Event: 3.178 Thread 0x0000016f673bd7b0 nmethod 747 0x0000016f52f9f610 code [0x0000016f52f9f7a0, 0x0000016f52f9f8d8]
Event: 3.178 Thread 0x0000016f673bd7b0  749       3       jdk.internal.reflect.ClassFileAssembler::cpi (22 bytes)
Event: 3.178 Thread 0x0000016f673bdcc0 nmethod 745 0x0000016f52f9dd90 code [0x0000016f52f9e040, 0x0000016f52f9efb8]
Event: 3.178 Thread 0x0000016f6568e750 nmethod 748 0x0000016f52f9f990 code [0x0000016f52f9fb60, 0x0000016f52f9fe58]
Event: 3.178 Thread 0x0000016f673bd7b0 nmethod 749 0x0000016f52fa0010 code [0x0000016f52fa01c0, 0x0000016f52fa03c8]
Event: 3.179 Thread 0x0000016f656b70f0 nmethod 741 0x0000016f5a303310 code [0x0000016f5a303480, 0x0000016f5a3035b8]
Event: 3.180 Thread 0x0000016f673bd7b0  750       1       java.lang.String::value (5 bytes)
Event: 3.180 Thread 0x0000016f673bd7b0 nmethod 750 0x0000016f5a303710 code [0x0000016f5a3038a0, 0x0000016f5a303978]
Event: 3.182 Thread 0x0000016f6553dbc0 nmethod 735% 0x0000016f5a303a10 code [0x0000016f5a303ba0, 0x0000016f5a304598]
Event: 3.185 Thread 0x0000016f6553e4c0  752       3       java.io.InputStream::<init> (5 bytes)
Event: 3.185 Thread 0x0000016f6553e4c0 nmethod 752 0x0000016f52fa0490 code [0x0000016f52fa0620, 0x0000016f52fa0778]
Event: 3.187 Thread 0x0000016f656b70f0  753       4       java.lang.invoke.VarHandleByteArrayAsInts$ArrayHandle::index (12 bytes)
Event: 3.187 Thread 0x0000016f656b70f0 nmethod 753 0x0000016f5a304d10 code [0x0000016f5a304e80, 0x0000016f5a304f18]

GC Heap History (0 events):
No events

Deoptimization events (20 events):
Event: 1.989 Thread 0x0000016f4faa40f0 DEOPT PACKING pc=0x0000016f5a2d3fc0 sp=0x00000037c25fc860
Event: 1.989 Thread 0x0000016f4faa40f0 DEOPT UNPACKING pc=0x0000016f527720a3 sp=0x00000037c25fc7e8 mode 2
Event: 1.997 Thread 0x0000016f4faa40f0 Uncommon trap: trap_request=0xffffff45 fr.pc=0x0000016f5a2e642c relative=0x00000000000005ac
Event: 1.997 Thread 0x0000016f4faa40f0 Uncommon trap: reason=unstable_if action=reinterpret pc=0x0000016f5a2e642c method=java.lang.String.replace(Ljava/lang/CharSequence;Ljava/lang/CharSequence;)Ljava/lang/String; @ 48 c2
Event: 1.997 Thread 0x0000016f4faa40f0 DEOPT PACKING pc=0x0000016f5a2e642c sp=0x00000037c25fc7f0
Event: 1.997 Thread 0x0000016f4faa40f0 DEOPT UNPACKING pc=0x0000016f527720a3 sp=0x00000037c25fc760 mode 2
Event: 3.108 Thread 0x0000016f4faa40f0 Uncommon trap: trap_request=0xffffff45 fr.pc=0x0000016f5a2efcf4 relative=0x0000000000000074
Event: 3.108 Thread 0x0000016f4faa40f0 Uncommon trap: reason=unstable_if action=reinterpret pc=0x0000016f5a2efcf4 method=jdk.internal.misc.Unsafe.convEndian(ZI)I @ 4 c2
Event: 3.108 Thread 0x0000016f4faa40f0 DEOPT PACKING pc=0x0000016f5a2efcf4 sp=0x00000037c25fd8a0
Event: 3.108 Thread 0x0000016f4faa40f0 DEOPT UNPACKING pc=0x0000016f527720a3 sp=0x00000037c25fd7d0 mode 2
Event: 3.111 Thread 0x0000016f4faa40f0 Uncommon trap: trap_request=0xffffff45 fr.pc=0x0000016f5a2e3a28 relative=0x0000000000000568
Event: 3.111 Thread 0x0000016f4faa40f0 Uncommon trap: reason=unstable_if action=reinterpret pc=0x0000016f5a2e3a28 method=java.lang.AbstractStringBuilder.append(Ljava/lang/String;)Ljava/lang/AbstractStringBuilder; @ 1 c2
Event: 3.111 Thread 0x0000016f4faa40f0 DEOPT PACKING pc=0x0000016f5a2e3a28 sp=0x00000037c25fdc20
Event: 3.111 Thread 0x0000016f4faa40f0 DEOPT UNPACKING pc=0x0000016f527720a3 sp=0x00000037c25fdba0 mode 2
Event: 3.137 Thread 0x0000016f4faa40f0 DEOPT PACKING pc=0x0000016f52f3dcb2 sp=0x00000037c25fdf60
Event: 3.137 Thread 0x0000016f4faa40f0 DEOPT UNPACKING pc=0x0000016f52772843 sp=0x00000037c25fd3b8 mode 0
Event: 3.158 Thread 0x0000016f4faa40f0 Uncommon trap: trap_request=0xffffff45 fr.pc=0x0000016f5a2fadb0 relative=0x0000000000000570
Event: 3.158 Thread 0x0000016f4faa40f0 Uncommon trap: reason=unstable_if action=reinterpret pc=0x0000016f5a2fadb0 method=java.util.jar.Manifest$FastInputStream.readLine([BII)I @ 130 c2
Event: 3.158 Thread 0x0000016f4faa40f0 DEOPT PACKING pc=0x0000016f5a2fadb0 sp=0x00000037c25fe540
Event: 3.158 Thread 0x0000016f4faa40f0 DEOPT UNPACKING pc=0x0000016f527720a3 sp=0x00000037c25fe4d0 mode 2

Classes unloaded (0 events):
No events

Classes redefined (0 events):
No events

Internal exceptions (13 events):
Event: 1.694 Thread 0x0000016f4faa40f0 Exception <a 'java/lang/NoSuchMethodError'{0x00000000eacb35b8}: 'void java.lang.invoke.DirectMethodHandle$Holder.invokeStatic(java.lang.Object, java.lang.Object, java.lang.Object)'> (0x00000000eacb35b8) 
thrown [s\src\hotspot\share\interpreter\linkResolver.cpp, line 759]
Event: 1.841 Thread 0x0000016f4faa40f0 Exception <a 'java/lang/reflect/InvocationTargetException'{0x00000000eb07a6e0}> (0x00000000eb07a6e0) 
thrown [s\src\hotspot\share\runtime\reflection.cpp, line 1121]
Event: 2.082 Thread 0x0000016f4faa40f0 Exception <a 'java/lang/ClassNotFoundException'{0x00000000eb8a4158}: sun/net/www/protocol/c/Handler> (0x00000000eb8a4158) 
thrown [s\src\hotspot\share\classfile\systemDictionary.cpp, line 256]
Event: 3.105 Thread 0x0000016f4faa40f0 Exception <a 'java/io/FileNotFoundException'{0x00000000eb8b7c10}> (0x00000000eb8b7c10) 
thrown [s\src\hotspot\share\prims\jni.cpp, line 516]
Event: 3.105 Thread 0x0000016f4faa40f0 Exception <a 'java/io/FileNotFoundException'{0x00000000eb8b8938}> (0x00000000eb8b8938) 
thrown [s\src\hotspot\share\prims\jni.cpp, line 516]
Event: 3.105 Thread 0x0000016f4faa40f0 Exception <a 'java/io/FileNotFoundException'{0x00000000eb8b9640}> (0x00000000eb8b9640) 
thrown [s\src\hotspot\share\prims\jni.cpp, line 516]
Event: 3.106 Thread 0x0000016f4faa40f0 Exception <a 'java/io/FileNotFoundException'{0x00000000eb8ba340}> (0x00000000eb8ba340) 
thrown [s\src\hotspot\share\prims\jni.cpp, line 516]
Event: 3.111 Thread 0x0000016f4faa40f0 Implicit null exception at 0x0000016f5a2e34f2 to 0x0000016f5a2e3a10
Event: 3.113 Thread 0x0000016f4faa40f0 Exception <a 'java/io/FileNotFoundException'{0x00000000eb8fb0d0}> (0x00000000eb8fb0d0) 
thrown [s\src\hotspot\share\prims\jni.cpp, line 516]
Event: 3.122 Thread 0x0000016f4faa40f0 Exception <a 'sun/nio/fs/WindowsException'{0x00000000eb931be8}> (0x00000000eb931be8) 
thrown [s\src\hotspot\share\prims\jni.cpp, line 516]
Event: 3.123 Thread 0x0000016f4faa40f0 Exception <a 'sun/nio/fs/WindowsException'{0x00000000eb93d240}> (0x00000000eb93d240) 
thrown [s\src\hotspot\share\prims\jni.cpp, line 516]
Event: 3.123 Thread 0x0000016f4faa40f0 Exception <a 'sun/nio/fs/WindowsException'{0x00000000eb940c78}> (0x00000000eb940c78) 
thrown [s\src\hotspot\share\prims\jni.cpp, line 516]
Event: 3.123 Thread 0x0000016f4faa40f0 Exception <a 'sun/nio/fs/WindowsException'{0x00000000eb941408}> (0x00000000eb941408) 
thrown [s\src\hotspot\share\prims\jni.cpp, line 516]

VM Operations (12 events):
Event: 1.697 Executing VM operation: HandshakeAllThreads
Event: 1.697 Executing VM operation: HandshakeAllThreads done
Event: 1.787 Executing VM operation: HandshakeAllThreads
Event: 1.787 Executing VM operation: HandshakeAllThreads done
Event: 2.052 Executing VM operation: HandshakeAllThreads
Event: 2.052 Executing VM operation: HandshakeAllThreads done
Event: 2.076 Executing VM operation: HandshakeAllThreads
Event: 2.076 Executing VM operation: HandshakeAllThreads done
Event: 3.088 Executing VM operation: Cleanup
Event: 3.089 Executing VM operation: Cleanup done
Event: 4.094 Executing VM operation: Cleanup
Event: 4.094 Executing VM operation: Cleanup done

Events (20 events):
Event: 3.180 loading class java/io/FilePermission
Event: 3.180 loading class java/io/FilePermission done
Event: 3.180 loading class java/io/FilePermission$1
Event: 3.180 loading class jdk/internal/access/JavaIOFilePermissionAccess
Event: 3.180 loading class jdk/internal/access/JavaIOFilePermissionAccess done
Event: 3.180 loading class java/io/FilePermission$1 done
Event: 3.180 loading class sun/security/util/FilePermCompat
Event: 3.180 loading class sun/security/util/FilePermCompat done
Event: 3.180 loading class sun/security/util/SecurityProperties
Event: 3.180 loading class sun/security/util/SecurityProperties done
Event: 3.181 loading class java/io/FilePermissionCollection
Event: 3.181 loading class java/io/FilePermissionCollection done
Event: 3.181 loading class java/io/FilePermissionCollection$1
Event: 3.181 loading class java/io/FilePermissionCollection$1 done
Event: 3.184 loading class java/util/EventListener
Event: 3.184 loading class java/util/EventListener done
Event: 3.186 loading class java/lang/InterruptedException
Event: 3.186 loading class java/lang/InterruptedException done
Event: 3.186 loading class java/util/concurrent/Semaphore
Event: 3.187 loading class java/util/concurrent/Semaphore done


Dynamic libraries:
0x00007ff6e67c0000 - 0x00007ff6e67ce000 	c:\Users\9048i\.antigravity\extensions\redhat.java-1.12.0-win32-x64\jre\17.0.4.1-win32-x86_64\bin\java.exe
0x00007ffc4de80000 - 0x00007ffc4e0e8000 	C:\WINDOWS\SYSTEM32\ntdll.dll
0x00007ffc4cf20000 - 0x00007ffc4cfe9000 	C:\WINDOWS\System32\KERNEL32.DLL
0x00007ffc4b2c0000 - 0x00007ffc4b6b1000 	C:\WINDOWS\System32\KERNELBASE.dll
0x00007ffc47a60000 - 0x00007ffc47afe000 	C:\WINDOWS\SYSTEM32\apphelp.dll
0x00007ffc4b8f0000 - 0x00007ffc4ba3b000 	C:\WINDOWS\System32\ucrtbase.dll
0x00007ffbff100000 - 0x00007ffbff119000 	c:\Users\9048i\.antigravity\extensions\redhat.java-1.12.0-win32-x64\jre\17.0.4.1-win32-x86_64\bin\VCRUNTIME140.dll
0x00007ffbff190000 - 0x00007ffbff1a8000 	c:\Users\9048i\.antigravity\extensions\redhat.java-1.12.0-win32-x64\jre\17.0.4.1-win32-x86_64\bin\jli.dll
0x00007ffc4d960000 - 0x00007ffc4db26000 	C:\WINDOWS\System32\USER32.dll
0x00007ffc35110000 - 0x00007ffc353a3000 	C:\WINDOWS\WinSxS\amd64_microsoft.windows.common-controls_6595b64144ccf1df_6.0.26100.7824_none_3e0870b2e3345462\COMCTL32.dll
0x00007ffc4b290000 - 0x00007ffc4b2b7000 	C:\WINDOWS\System32\win32u.dll
0x00007ffc4d8b0000 - 0x00007ffc4d959000 	C:\WINDOWS\System32\msvcrt.dll
0x00007ffc4d2e0000 - 0x00007ffc4d30b000 	C:\WINDOWS\System32\GDI32.dll
0x00007ffc4baf0000 - 0x00007ffc4bc1b000 	C:\WINDOWS\System32\gdi32full.dll
0x00007ffc4a8e0000 - 0x00007ffc4a983000 	C:\WINDOWS\System32\msvcp_win.dll
0x00007ffc4bca0000 - 0x00007ffc4bcd1000 	C:\WINDOWS\System32\IMM32.DLL
0x00007ffc33910000 - 0x00007ffc3391c000 	c:\Users\9048i\.antigravity\extensions\redhat.java-1.12.0-win32-x64\jre\17.0.4.1-win32-x86_64\bin\vcruntime140_1.dll
0x00007ffbf5ee0000 - 0x00007ffbf5f71000 	c:\Users\9048i\.antigravity\extensions\redhat.java-1.12.0-win32-x64\jre\17.0.4.1-win32-x86_64\bin\msvcp140.dll
0x00007ffb9d570000 - 0x00007ffb9e1b6000 	c:\Users\9048i\.antigravity\extensions\redhat.java-1.12.0-win32-x64\jre\17.0.4.1-win32-x86_64\bin\server\jvm.dll
0x00007ffc4cff0000 - 0x00007ffc4d0a4000 	C:\WINDOWS\System32\ADVAPI32.dll
0x00007ffc4d800000 - 0x00007ffc4d8a6000 	C:\WINDOWS\System32\sechost.dll
0x00007ffc4dd20000 - 0x00007ffc4de38000 	C:\WINDOWS\System32\RPCRT4.dll
0x00007ffc4c6f0000 - 0x00007ffc4c6f8000 	C:\WINDOWS\System32\PSAPI.DLL
0x00007ffc3f1a0000 - 0x00007ffc3f1d5000 	C:\WINDOWS\SYSTEM32\WINMM.dll
0x00007ffc47a50000 - 0x00007ffc47a5a000 	C:\WINDOWS\SYSTEM32\WSOCK32.dll
0x00007ffc4d260000 - 0x00007ffc4d2d4000 	C:\WINDOWS\System32\WS2_32.dll
0x00007ffc3dce0000 - 0x00007ffc3dceb000 	C:\WINDOWS\SYSTEM32\VERSION.dll
0x00007ffc49500000 - 0x00007ffc4951b000 	C:\WINDOWS\SYSTEM32\kernel.appcore.dll
0x00007ffc338e0000 - 0x00007ffc338ea000 	c:\Users\9048i\.antigravity\extensions\redhat.java-1.12.0-win32-x64\jre\17.0.4.1-win32-x86_64\bin\jimage.dll
0x00007ffc48490000 - 0x00007ffc486d2000 	C:\WINDOWS\SYSTEM32\DBGHELP.DLL
0x00007ffc4be80000 - 0x00007ffc4c206000 	C:\WINDOWS\System32\combase.dll
0x00007ffc4bce0000 - 0x00007ffc4bdb7000 	C:\WINDOWS\System32\OLEAUT32.dll
0x00007ffc30980000 - 0x00007ffc309bb000 	C:\WINDOWS\SYSTEM32\dbgcore.DLL
0x00007ffc4ba40000 - 0x00007ffc4bae5000 	C:\WINDOWS\System32\bcryptPrimitives.dll
0x00007ffc319e0000 - 0x00007ffc319ee000 	c:\Users\9048i\.antigravity\extensions\redhat.java-1.12.0-win32-x64\jre\17.0.4.1-win32-x86_64\bin\instrument.dll
0x00007ffbf5eb0000 - 0x00007ffbf5ed5000 	c:\Users\9048i\.antigravity\extensions\redhat.java-1.12.0-win32-x64\jre\17.0.4.1-win32-x86_64\bin\java.dll
0x00007ffbfe590000 - 0x00007ffbfe5a8000 	c:\Users\9048i\.antigravity\extensions\redhat.java-1.12.0-win32-x64\jre\17.0.4.1-win32-x86_64\bin\zip.dll
0x00007ffc4c790000 - 0x00007ffc4cee2000 	C:\WINDOWS\System32\SHELL32.dll
0x00007ffc4b780000 - 0x00007ffc4b8ea000 	C:\WINDOWS\System32\wintypes.dll
0x00007ffc4a990000 - 0x00007ffc4b1f3000 	C:\WINDOWS\System32\windows.storage.dll
0x00007ffc4d0b0000 - 0x00007ffc4d1a6000 	C:\WINDOWS\System32\SHCORE.dll
0x00007ffc4bc20000 - 0x00007ffc4bc87000 	C:\WINDOWS\System32\shlwapi.dll
0x00007ffc4a680000 - 0x00007ffc4a6a9000 	C:\WINDOWS\SYSTEM32\profapi.dll
0x00007ffbf5e90000 - 0x00007ffbf5ea9000 	C:\Users\9048i\.antigravity\extensions\redhat.java-1.12.0-win32-x64\jre\17.0.4.1-win32-x86_64\bin\net.dll
0x00007ffc44f40000 - 0x00007ffc45067000 	C:\WINDOWS\SYSTEM32\WINHTTP.dll
0x00007ffc49a70000 - 0x00007ffc49adb000 	C:\WINDOWS\system32\mswsock.dll
0x00007ffbf5e70000 - 0x00007ffbf5e85000 	C:\Users\9048i\.antigravity\extensions\redhat.java-1.12.0-win32-x64\jre\17.0.4.1-win32-x86_64\bin\nio.dll
0x00007ffc33a20000 - 0x00007ffc33a30000 	c:\Users\9048i\.antigravity\extensions\redhat.java-1.12.0-win32-x64\jre\17.0.4.1-win32-x86_64\bin\verify.dll

dbghelp: loaded successfully - version: 4.0.5 - missing functions: none
symbol engine: initialized successfully - sym options: 0x614 - pdb path: .;c:\Users\9048i\.antigravity\extensions\redhat.java-1.12.0-win32-x64\jre\17.0.4.1-win32-x86_64\bin;C:\WINDOWS\SYSTEM32;C:\WINDOWS\WinSxS\amd64_microsoft.windows.common-controls_6595b64144ccf1df_6.0.26100.7824_none_3e0870b2e3345462;c:\Users\9048i\.antigravity\extensions\redhat.java-1.12.0-win32-x64\jre\17.0.4.1-win32-x86_64\bin\server

VM Arguments:
jvm_args: --add-modules=ALL-SYSTEM --add-opens=java.base/java.util=ALL-UNNAMED --add-opens=java.base/java.lang=ALL-UNNAMED --add-opens=java.base/sun.nio.fs=ALL-UNNAMED -Declipse.application=org.eclipse.jdt.ls.core.id1 -Dosgi.bundles.defaultStartLevel=4 -Declipse.product=org.eclipse.jdt.ls.core.product -Djava.import.generatesMetadataFilesAtProjectRoot=false -Dfile.encoding=utf8 -XX:+UseParallelGC -XX:GCTimeRatio=4 -XX:AdaptiveSizePolicyWeight=90 -Dsun.zip.disableMemoryMapping=true -Xmx1G -Xms100m -Xlog:disable -javaagent:c:\Users\9048i\.antigravity\extensions\redhat.java-1.12.0-win32-x64\lombok\lombok-1.18.24.jar 
java_command: c:\Users\9048i\.antigravity\extensions\redhat.java-1.12.0-win32-x64\server\plugins\org.eclipse.equinox.launcher_1.6.400.v20210924-0641.jar -configuration c:\Users\9048i\AppData\Roaming\Antigravity\User\globalStorage\redhat.java\1.12.0\config_ss_win -data c:\Users\9048i\AppData\Roaming\Antigravity\User\workspaceStorage\6d099efd984f7a601acc4e0e88a2de3e\redhat.java\ss_ws
java_class_path (initial): c:\Users\9048i\.antigravity\extensions\redhat.java-1.12.0-win32-x64\server\plugins\org.eclipse.equinox.launcher_1.6.400.v20210924-0641.jar
Launcher Type: SUN_STANDARD

[Global flags]
    uintx AdaptiveSizePolicyWeight                 = 90                                        {product} {command line}
     intx CICompilerCount                          = 12                                        {product} {ergonomic}
    uintx GCTimeRatio                              = 4                                         {product} {command line}
   size_t InitialHeapSize                          = 104857600                                 {product} {command line}
   size_t MaxHeapSize                              = 1073741824                                {product} {command line}
   size_t MaxNewSize                               = 357564416                                 {product} {ergonomic}
   size_t MinHeapDeltaBytes                        = 524288                                    {product} {ergonomic}
   size_t MinHeapSize                              = 104857600                                 {product} {command line}
   size_t NewSize                                  = 34603008                                  {product} {ergonomic}
    uintx NonNMethodCodeHeapSize                   = 7602480                                {pd product} {ergonomic}
    uintx NonProfiledCodeHeapSize                  = 122027880                              {pd product} {ergonomic}
   size_t OldSize                                  = 70254592                                  {product} {ergonomic}
    uintx ProfiledCodeHeapSize                     = 122027880                              {pd product} {ergonomic}
    uintx ReservedCodeCacheSize                    = 251658240                              {pd product} {ergonomic}
     bool SegmentedCodeCache                       = true                                      {product} {ergonomic}
   size_t SoftMaxHeapSize                          = 1073741824                             {manageable} {ergonomic}
     bool UseCompressedClassPointers               = true                           {product lp64_product} {ergonomic}
     bool UseCompressedOops                        = true                           {product lp64_product} {ergonomic}
     bool UseLargePagesIndividualAllocation        = false                                  {pd product} {ergonomic}
     bool UseParallelGC                            = true                                      {product} {command line}

Logging:
Log output configuration:
 #0: stdout all=off uptime,level,tags
 #1: stderr all=off uptime,level,tags

Environment Variables:
PATH=C:\Program Files\Google\Chrome\Application;C:\Program Files\Common Files\Oracle\Java\javapath;C:\Windows\system32;C:\Windows;C:\Windows\System32\Wbem;C:\Windows\System32\WindowsPowerShell\v1.0\;C:\Windows\System32\OpenSSH\;C:\Program Files (x86)\NVIDIA Corporation\PhysX\Common;C:\Program Files\Microsoft VS Code\bin;C:\ProgramData\chocolatey\bin;C:\Program Files\flutter\bin;C:\Program Files\NVIDIA Corporation\NVIDIA app\NvDLISR;C:\WINDOWS\system32;C:\WINDOWS;C:\WINDOWS\System32\Wbem;C:\WINDOWS\System32\WindowsPowerShell\v1.0\;C:\WINDOWS\System32\OpenSSH\;C:\Program Files\nodejs\;C:\Program Files\GitHub CLI\;C:\Program Files\Git\bin;C:\Users\9048i\AppData\Local\Programs\Python\Launcher\;C:\Program Files\MySQL\MySQL Shell 8.0\bin\;C:\Users\9048i\AppData\Local\Microsoft\WindowsApps;C:\Users\9048i\AppData\Local\Microsoft\WinGet\Packages\Schniz.fnm_Microsoft.Winget.Source_8wekyb3d8bbwe;C:\Program Files\flutter\bin;C:\Program Files\mongosh\;C:\Users\9048i\AppData\Roaming\npm;C:\Users\9048i\OneDrive\Desktop\Suman\PyCharm 2025.3.1.1\bin
USERNAME=9048i
OS=Windows_NT
PROCESSOR_IDENTIFIER=AMD64 Family 25 Model 68 Stepping 1, AuthenticAMD
TMP=C:\Users\9048i\AppData\Local\Temp
TEMP=C:\Users\9048i\AppData\Local\Temp



---------------  S Y S T E M  ---------------

OS:
 Windows 11 , 64 bit Build 26100 (10.0.26100.7705)
OS uptime: 0 days 10:24 hours
Hyper-V role detected

CPU: total 16 (initial active 16) (16 cores per cpu, 2 threads per core) family 25 model 68 stepping 1 microcode 0xa404107, cx8, cmov, fxsr, ht, mmx, 3dnowpref, sse, sse2, sse3, ssse3, sse4a, sse4.1, sse4.2, popcnt, lzcnt, tsc, tscinvbit, avx, avx2, aes, erms, clmul, bmi1, bmi2, adx, sha, fma, vzeroupper, clflush, clflushopt, hv

Memory: 4k page, system-wide physical 7365M (503M free)
TotalPageFile size 29893M (AvailPageFile size 0M)
current process WorkingSet (physical memory assigned to process): 70M, peak: 70M
current process commit charge ("private bytes"): 216M, peak: 217M

vm_info: OpenJDK 64-Bit Server VM (17.0.4.1+1) for windows-amd64 JRE (17.0.4.1+1), built on Aug 17 2022 07:42:43 by "temurin" with MS VC++ 16.7 (VS2019)

END.
